Component: ARM Compiler 5.06 update 6 (build 750) Tool: armlink [4d35ed]

==============================================================================

Section Cross References

    startup_stm32f429xx.o(RESET) refers to startup_stm32f429xx.o(STACK) for __initial_sp
    startup_stm32f429xx.o(RESET) refers to startup_stm32f429xx.o(.text) for Reset_Handler
    startup_stm32f429xx.o(RESET) refers to stm32f4xx_it.o(i.NMI_Handler) for NMI_Handler
    startup_stm32f429xx.o(RESET) refers to stm32f4xx_it.o(i.HardFault_Handler) for HardFault_Handler
    startup_stm32f429xx.o(RESET) refers to stm32f4xx_it.o(i.MemManage_Handler) for MemManage_Handler
    startup_stm32f429xx.o(RESET) refers to stm32f4xx_it.o(i.BusFault_Handler) for BusFault_Handler
    startup_stm32f429xx.o(RESET) refers to stm32f4xx_it.o(i.UsageFault_Handler) for UsageFault_Handler
    startup_stm32f429xx.o(RESET) refers to port.o(.emb_text) for SVC_Handler
    startup_stm32f429xx.o(RESET) refers to stm32f4xx_it.o(i.DebugMon_Handler) for DebugMon_Handler
    startup_stm32f429xx.o(RESET) refers to stm32f4xx_it.o(i.SysTick_Handler) for SysTick_Handler
    startup_stm32f429xx.o(RESET) refers to stm32f4xx_it.o(i.USART1_IRQHandler) for USART1_IRQHandler
    startup_stm32f429xx.o(RESET) refers to bsp_eth.o(i.ETH_IRQHandler) for ETH_IRQHandler
    startup_stm32f429xx.o(.text) refers to system_stm32f4xx.o(i.SystemInit) for SystemInit
    startup_stm32f429xx.o(.text) refers to entry.o(.ARM.Collect$$$$00000000) for __main
    main.o(i.AppTaskCreate) refers to queue.o(i.xQueueGenericCreate) for xQueueGenericCreate
    main.o(i.AppTaskCreate) refers to printfa.o(i.__0printf) for __2printf
    main.o(i.AppTaskCreate) refers to sys_arch.o(i.TCPIP_Init) for TCPIP_Init
    main.o(i.AppTaskCreate) refers to mqttclient.o(i.mqtt_thread_init) for mqtt_thread_init
    main.o(i.AppTaskCreate) refers to port.o(i.vPortEnterCritical) for vPortEnterCritical
    main.o(i.AppTaskCreate) refers to tasks.o(i.xTaskCreate) for xTaskCreate
    main.o(i.AppTaskCreate) refers to tasks.o(i.vTaskDelete) for vTaskDelete
    main.o(i.AppTaskCreate) refers to port.o(i.vPortExitCritical) for vPortExitCritical
    main.o(i.AppTaskCreate) refers to main.o(.data) for .data
    main.o(i.AppTaskCreate) refers to main.o(i.Test1_Task) for Test1_Task
    main.o(i.AppTaskCreate) refers to main.o(i.Test2_Task) for Test2_Task
    main.o(i.SystemClock_Config) refers to stm32f4xx_hal_rcc.o(i.HAL_RCC_OscConfig) for HAL_RCC_OscConfig
    main.o(i.SystemClock_Config) refers to stm32f4xx_hal_pwr_ex.o(i.HAL_PWREx_EnableOverDrive) for HAL_PWREx_EnableOverDrive
    main.o(i.SystemClock_Config) refers to stm32f4xx_hal_rcc.o(i.HAL_RCC_ClockConfig) for HAL_RCC_ClockConfig
    main.o(i.SystemClock_Config) refers to stm32f4xx_hal_rcc.o(i.HAL_RCC_GetHCLKFreq) for HAL_RCC_GetHCLKFreq
    main.o(i.SystemClock_Config) refers to stm32f4xx_hal_cortex.o(i.HAL_SYSTICK_Config) for HAL_SYSTICK_Config
    main.o(i.SystemClock_Config) refers to stm32f4xx_hal_cortex.o(i.HAL_SYSTICK_CLKSourceConfig) for HAL_SYSTICK_CLKSourceConfig
    main.o(i.SystemClock_Config) refers to stm32f4xx_hal_cortex.o(i.HAL_NVIC_SetPriority) for HAL_NVIC_SetPriority
    main.o(i.Test1_Task) refers to tasks.o(i.vTaskDelay) for vTaskDelay
    main.o(i.Test2_Task) refers to tasks.o(i.vTaskDelay) for vTaskDelay
    main.o(i.main) refers to stm32f4xx_hal.o(i.HAL_Init) for HAL_Init
    main.o(i.main) refers to main.o(i.SystemClock_Config) for SystemClock_Config
    main.o(i.main) refers to gpio.o(i.MX_GPIO_Init) for MX_GPIO_Init
    main.o(i.main) refers to usart.o(i.MX_USART1_UART_Init) for MX_USART1_UART_Init
    main.o(i.main) refers to printfa.o(i.__0printf) for __2printf
    main.o(i.main) refers to tasks.o(i.xTaskCreate) for xTaskCreate
    main.o(i.main) refers to tasks.o(i.vTaskStartScheduler) for vTaskStartScheduler
    main.o(i.main) refers to main.o(.data) for .data
    main.o(i.main) refers to main.o(i.AppTaskCreate) for AppTaskCreate
    gpio.o(i.Key_Scan) refers to stm32f4xx_hal_gpio.o(i.HAL_GPIO_ReadPin) for HAL_GPIO_ReadPin
    gpio.o(i.Key_Scan) refers to stm32f4xx_hal.o(i.HAL_Delay) for HAL_Delay
    gpio.o(i.MX_GPIO_Init) refers to memseta.o(.text) for __aeabi_memclr4
    gpio.o(i.MX_GPIO_Init) refers to stm32f4xx_hal_gpio.o(i.HAL_GPIO_WritePin) for HAL_GPIO_WritePin
    gpio.o(i.MX_GPIO_Init) refers to stm32f4xx_hal_gpio.o(i.HAL_GPIO_Init) for HAL_GPIO_Init
    usart.o(i.HAL_UART_MspDeInit) refers to stm32f4xx_hal_gpio.o(i.HAL_GPIO_DeInit) for HAL_GPIO_DeInit
    usart.o(i.HAL_UART_MspDeInit) refers to stm32f4xx_hal_cortex.o(i.HAL_NVIC_DisableIRQ) for HAL_NVIC_DisableIRQ
    usart.o(i.HAL_UART_MspInit) refers to memseta.o(.text) for __aeabi_memclr4
    usart.o(i.HAL_UART_MspInit) refers to stm32f4xx_hal_gpio.o(i.HAL_GPIO_Init) for HAL_GPIO_Init
    usart.o(i.HAL_UART_MspInit) refers to stm32f4xx_hal_cortex.o(i.HAL_NVIC_SetPriority) for HAL_NVIC_SetPriority
[...]
    udp_pcbs                                 0x100000bc   Data           4  udp.o(.data)
    s_xSemaphore                             0x100000c0   Data           4  ethernetif.o(.data)
    tx_sem                                   0x100000c4   Data           4  ethernetif.o(.data)
    eth_tx_mb                                0x100000c8   Data           4  ethernetif.o(.data)
    lwip_sys_now                             0x100000d4   Data           4  sys_arch.o(.data)
    ipaddr                                   0x100000d8   Data           4  sys_arch.o(.data)
    netmask                                  0x100000dc   Data           4  sys_arch.o(.data)
    gw                                       0x100000e0   Data           4  sys_arch.o(.data)
    errno                                    0x100000e4   Data           4  sys_arch.o(.data)
    MQTT_Socket                              0x100000f0   Data           4  mqttclient.o(.data)
    xQueueRegistry                           0x10000110   Data          80  queue.o(.bss)
    ram_heap                                 0x100009b4   Data       15379  mem.o(.bss)
    memp_memory_UDP_PCB_base                 0x100045c7   Data         163  memp.o(.bss)
    memp_memory_TCP_PCB_base                 0x1000466a   Data         915  memp.o(.bss)
    memp_memory_TCP_PCB_LISTEN_base          0x100049fd   Data         171  memp.o(.bss)
    memp_memory_TCP_SEG_base                 0x10004aa8   Data        2403  memp.o(.bss)
    memp_memory_REASSDATA_base               0x1000540b   Data         163  memp.o(.bss)
    memp_memory_FRAG_PBUF_base               0x100054ae   Data         363  memp.o(.bss)
    memp_memory_NETBUF_base                  0x10005619   Data          35  memp.o(.bss)
    memp_memory_NETCONN_base                 0x1000563c   Data         179  memp.o(.bss)
    memp_memory_IGMP_GROUP_base              0x100056ef   Data         131  memp.o(.bss)
    memp_memory_SYS_TIMEOUT_base             0x10005772   Data         243  memp.o(.bss)
    memp_memory_NETDB_base                   0x10005865   Data         311  memp.o(.bss)
    memp_memory_PBUF_base                    0x1000599c   Data         403  memp.o(.bss)
    gnetif                                   0x10005b50   Data          60  sys_arch.o(.bss)
    mqtt_user_msg                            0x10005b8c   Data         564  mqttclient.o(.bss)
    __initial_sp                             0x100061c0   Data           0  startup_stm32f429xx.o(STACK)
    MQTT_Data_Queue                          0x2000000c   Data           4  main.o(.data)
    uwTickFreq                               0x20000010   Data           1  stm32f4xx_hal.o(.data)
    uwTickPrio                               0x20000014   Data           4  stm32f4xx_hal.o(.data)
    uwTick                                   0x20000018   Data           4  stm32f4xx_hal.o(.data)
    SystemCoreClock                          0x2000001c   Data           4  system_stm32f4xx.o(.data)
    lock_tcpip_core                          0x2000002c   Data           4  tcpip.o(.data)
    tcp_active_pcbs_changed                  0x2000006c   Data           1  tcp.o(.data)
    tcp_ticks                                0x20000078   Data           4  tcp.o(.data)
    tcp_bound_pcbs                           0x2000007c   Data           4  tcp.o(.data)
    tcp_listen_pcbs                          0x20000080   Data           4  tcp.o(.data)
    tcp_active_pcbs                          0x20000084   Data           4  tcp.o(.data)
    tcp_tw_pcbs                              0x20000088   Data           4  tcp.o(.data)
    tcp_input_pcb                            0x200000ac   Data           4  tcp_in.o(.data)
    cJSON_Root                               0x200000c0   Data           4  cjson_process.o(.data)
    __stdout                                 0x200000c4   Data           4  stdout.o(.data)
    huart1                                   0x200000c8   Data          64  usart.o(.bss)
    dhcp_rx_options_val                      0x2000f178   Data          40  dhcp.o(.bss)
    dhcp_rx_options_given                    0x2000f1a0   Data          10  dhcp.o(.bss)
    ip_data                                  0x2000f1bc   Data          24  ip.o(.bss)
    memp_memory_TCPIP_MSG_API_base           0x2000f1d4   Data         131  memp.o(.bss)
    memp_memory_TCPIP_MSG_INPKT_base         0x2000f257   Data         131  memp.o(.bss)
    memp_memory_PBUF_POOL_base               0x2000f2da   Data       68943  memp.o(.bss)
    heth                                     0x2002003c   Data          72  bsp_eth.o(.bss)
    DMARxDscrTab                             0x20020084   Data         256  bsp_eth.o(.bss)
    DMATxDscrTab                             0x20020184   Data         256  bsp_eth.o(.bss)
    Rx_Buff                                  0x20020284   Data       12192  bsp_eth.o(.bss)
    Tx_Buff                                  0x20023224   Data       12192  bsp_eth.o(.bss)



==============================================================================

Memory Map of the image

  Image Entry point : 0x080001ad

  Load Region LR_IROM1 (Base: 0x08000000, Size: 0x0001525c, Max: 0x00100000, ABSOLUTE)

    Execution Region ER_IROM1 (Exec base: 0x08000000, Load base: 0x08000000, Size: 0x00015084, Max: 0x00100000, ABSOLUTE)

    Exec Addr    Load Addr    Size         Type   Attr      Idx    E Section Name        Object

    0x08000000   0x08000000   0x000001ac   Data   RO            3    RESET               startup_stm32f429xx.o
    0x080001ac   0x080001ac   0x00000000   Code   RO         8635  * .ARM.Collect$$$$00000000  mc_w.l(entry.o)
    0x080001ac   0x080001ac   0x00000004   Code   RO         9002    .ARM.Collect$$$$00000001  mc_w.l(entry2.o)
    0x080001b0   0x080001b0   0x00000004   Code   RO         9005    .ARM.Collect$$$$00000004  mc_w.l(entry5.o)
    0x080001b4   0x080001b4   0x00000000   Code   RO         9007    .ARM.Collect$$$$00000008  mc_w.l(entry7b.o)
    0x080001b4   0x080001b4   0x00000000   Code   RO         9009    .ARM.Collect$$$$0000000A  mc_w.l(entry8b.o)
    0x080001b4   0x080001b4   0x00000008   Code   RO         9010    .ARM.Collect$$$$0000000B  mc_w.l(entry9a.o)
    0x080001bc   0x080001bc   0x00000000   Code   RO         9012    .ARM.Collect$$$$0000000D  mc_w.l(entry10a.o)
    0x080001bc   0x080001bc   0x00000000   Code   RO         9014    .ARM.Collect$$$$0000000F  mc_w.l(entry11a.o)
    0x080001bc   0x080001bc   0x00000004   Code   RO         9003    .ARM.Collect$$$$00002712  mc_w.l(entry2.o)
    0x080001c0   0x080001c0   0x000000b6   Code   RO         2925    .emb_text           port.o
    0x08000276   0x08000276   0x00000002   PAD
    0x08000278   0x08000278   0x00000024   Code   RO            4    .text               startup_stm32f429xx.o
    0x0800029c   0x0800029c   0x00000062   Code   RO         8638    .text               mc_w.l(uldiv.o)
    0x080002fe   0x080002fe   0x00000002   PAD
    0x08000300   0x08000300   0x00000008   Code   RO         8640    .text               mc_w.l(ctype_o.o)
    0x08000308   0x08000308   0x00000012   Code   RO         8662    .text               mc_w.l(isspace_o.o)
    0x0800031a   0x0800031a   0x0000000c   Code   RO         8668    .text               mc_w.l(tolower.o)
    0x08000326   0x08000326   0x00000002   PAD
    0x08000328   0x08000328   0x00000024   Code   RO         8670    .text               mc_w.l(rand.o)
    0x0800034c   0x0800034c   0x00000040   Code   RO         8675    .text               mc_w.l(memmovea.o)
    0x0800038c   0x0800038c   0x00000024   Code   RO         8677    .text               mc_w.l(memseta.o)
    0x080003b0   0x080003b0   0x0000000e   Code   RO         8681    .text               mc_w.l(strlen.o)
    0x080003be   0x080003be   0x0000001c   Code   RO         8683    .text               mc_w.l(strcmp.o)
    0x080003da   0x080003da   0x0000001a   Code   RO         8685    .text               mc_w.l(memcmp.o)
    0x080003f4   0x080003f4   0x00000012   Code   RO         8687    .text               mc_w.l(strcpy.o)
    0x08000406   0x08000406   0x0000001e   Code   RO         8689    .text               mc_w.l(strncmp.o)
    0x08000424   0x08000424   0x00000038   Code   RO         8984    .text               mc_w.l(__0sscanf.o)
    0x0800045c   0x0800045c   0x00000360   Code   RO         8986    .text               mc_w.l(scanf_fp.o)
    0x080007bc   0x080007bc   0x0000003e   Code   RO         8994    .text               mf_w.l(dfixi.o)
    0x080007fa   0x080007fa   0x00000002   PAD
    0x080007fc   0x080007fc   0x00000030   Code   RO         8998    .text               mf_w.l(cdcmple.o)
    0x0800082c   0x0800082c   0x00000030   Code   RO         9000    .text               mf_w.l(cdrcmple.o)
    0x0800085c   0x0800085c   0x0000002c   Code   RO         9017    .text               mc_w.l(uidiv.o)
    0x08000888   0x08000888   0x0000001e   Code   RO         9019    .text               mc_w.l(llshl.o)
    0x080008a6   0x080008a6   0x00000020   Code   RO         9021    .text               mc_w.l(llushr.o)
    0x080008c6   0x080008c6   0x00000002   PAD
    0x080008c8   0x080008c8   0x00000028   Code   RO         9032    .text               mc_w.l(scanf_char.o)
    0x080008f0   0x080008f0   0x00000040   Code   RO         9034    .text               mc_w.l(_sgetc.o)
    0x08000930   0x08000930   0x0000009c   Code   RO         9036    .text               mc_w.l(strtod.o)
    0x080009cc   0x080009cc   0x00000000   Code   RO         9040    .text               mc_w.l(iusefp.o)
    0x080009cc   0x080009cc   0x000000ba   Code   RO         9041    .text               mf_w.l(depilogue.o)
    0x08000a86   0x08000a86   0x0000014e   Code   RO         9043    .text               mf_w.l(dadd.o)
    0x08000bd4   0x08000bd4   0x000000e4   Code   RO         9045    .text               mf_w.l(dmul.o)
    0x08000cb8   0x08000cb8   0x000000de   Code   RO         9047    .text               mf_w.l(ddiv.o)
    0x08000d96   0x08000d96   0x00000018   Code   RO         9049    .text               mf_w.l(dfltul.o)
    0x08000dae   0x08000dae   0x00000030   Code   RO         9051    .text               mf_w.l(dfixul.o)
    0x08000dde   0x08000dde   0x00000038   Code   RO         9053    .text               mf_w.l(d2f.o)
    0x08000e16   0x08000e16   0x00000002   PAD
    0x08000e18   0x08000e18   0x00000024   Code   RO         9055    .text               mc_w.l(init.o)
    0x08000e3c   0x08000e3c   0x00000024   Code   RO         9057    .text               mc_w.l(llsshr.o)
    0x08000e60   0x08000e60   0x0000032c   Code   RO         9061    .text               mc_w.l(_scanf.o)
    0x0800118c   0x0800118c   0x0000006e   Code   RO         9065    .text               mf_w.l(fepilogue.o)
    0x080011fa   0x080011fa   0x0000003a   Code   RO         9080    .text               mc_w.l(__dczerorl.o)
    0x08001234   0x08001234   0x000002b4   Code   RO           13    i.AppTaskCreate     main.o
    0x080014e8   0x080014e8   0x0000013c   Code   RO         7336    i.Bsp_Eth_Init      bsp_eth.o
    0x08001624   0x08001624   0x00000002   Code   RO          322    i.BusFault_Handler  stm32f4xx_it.o
    0x08001626   0x08001626   0x00000002   PAD
    0x08001628   0x08001628   0x00000284   Code   RO         7870    i.Client_Connect    mqttclient.o
    0x080018ac   0x080018ac   0x00000002   Code   RO          323    i.DebugMon_Handler  stm32f4xx_it.o
    0x080018ae   0x080018ae   0x00000002   PAD
    0x080018b0   0x080018b0   0x00000020   Code   RO         1991    i.ETH_Delay         stm32f4xx_hal_eth.o
    0x080018d0   0x080018d0   0x0000002e   Code   RO         1992    i.ETH_FlushTransmitFIFO  stm32f4xx_hal_eth.o
    0x080018fe   0x080018fe   0x00000002   PAD
    0x08001900   0x08001900   0x00000024   Code   RO         7337    i.ETH_IRQHandler    bsp_eth.o
    0x08001924   0x08001924   0x00000124   Code   RO         1993    i.ETH_MACDMAConfig  stm32f4xx_hal_eth.o
    0x08001a48   0x08001a48   0x00000004   Code   RO           14    i.Error_Handler     main.o
    0x08001a4c   0x08001a4c   0x00000010   Code   RO         7871    i.GetNextPackID     mqttclient.o
    0x08001a5c   0x08001a5c   0x00000024   Code   RO         1292    i.HAL_DMA_Abort_IT  stm32f4xx_hal_dma.o
    0x08001a80   0x08001a80   0x00000024   Code   RO         1728    i.HAL_Delay         stm32f4xx_hal.o
    0x08001aa4   0x08001aa4   0x00000074   Code   RO         1996    i.HAL_ETH_DMARxDescListInit  stm32f4xx_hal_eth.o
    0x08001b18   0x08001b18   0x00000078   Code   RO         1997    i.HAL_ETH_DMATxDescListInit  stm32f4xx_hal_eth.o
    0x08001b90   0x08001b90   0x0000001a   Code   RO         1998    i.HAL_ETH_DeInit    stm32f4xx_hal_eth.o
    0x08001baa   0x08001baa   0x00000002   PAD
    0x08001bac   0x08001bac   0x0000002c   Code   RO         7338    i.HAL_ETH_ErrorCallback  bsp_eth.o
    0x08001bd8   0x08001bd8   0x0000007a   Code   RO         2000    i.HAL_ETH_GetReceivedFrame  stm32f4xx_hal_eth.o
    0x08001c52   0x08001c52   0x0000007a   Code   RO         2003    i.HAL_ETH_IRQHandler  stm32f4xx_hal_eth.o
    0x08001ccc   0x08001ccc   0x000001e8   Code   RO         2004    i.HAL_ETH_Init      stm32f4xx_hal_eth.o
    0x08001eb4   0x08001eb4   0x00000068   Code   RO         7339    i.HAL_ETH_MspDeInit  bsp_eth.o
    0x08001f1c   0x08001f1c   0x000000e0   Code   RO         7340    i.HAL_ETH_MspInit   bsp_eth.o
    0x08001ffc   0x08001ffc   0x00000084   Code   RO         2007    i.HAL_ETH_ReadPHYRegister  stm32f4xx_hal_eth.o
    0x08002080   0x08002080   0x00000030   Code   RO         7341    i.HAL_ETH_RxCpltCallback  bsp_eth.o
    0x080020b0   0x080020b0   0x00000084   Code   RO         2009    i.HAL_ETH_Start     stm32f4xx_hal_eth.o
    0x08002134   0x08002134   0x00000108   Code   RO         2011    i.HAL_ETH_TransmitFrame  stm32f4xx_hal_eth.o
    0x0800223c   0x0800223c   0x00000002   Code   RO         7342    i.HAL_ETH_TxCpltCallback  bsp_eth.o
    0x0800223e   0x0800223e   0x00000002   PAD
    0x08002240   0x08002240   0x00000078   Code   RO         2013    i.HAL_ETH_WritePHYRegister  stm32f4xx_hal_eth.o
    0x080022b8   0x080022b8   0x0000018c   Code   RO         1181    i.HAL_GPIO_DeInit   stm32f4xx_hal_gpio.o
    0x08002444   0x08002444   0x000001d4   Code   RO         1184    i.HAL_GPIO_Init     stm32f4xx_hal_gpio.o
    0x08002618   0x08002618   0x0000000a   Code   RO         1188    i.HAL_GPIO_WritePin  stm32f4xx_hal_gpio.o
    0x08002622   0x08002622   0x00000002   PAD
    0x08002624   0x08002624   0x0000000c   Code   RO         1736    i.HAL_GetTick       stm32f4xx_hal.o
    0x08002630   0x08002630   0x00000010   Code   RO         1742    i.HAL_IncTick       stm32f4xx_hal.o
    0x08002640   0x08002640   0x00000034   Code   RO         1743    i.HAL_Init          stm32f4xx_hal.o
    0x08002674   0x08002674   0x00000040   Code   RO         1744    i.HAL_InitTick      stm32f4xx_hal.o
    0x080026b4   0x080026b4   0x00000030   Code   RO          391    i.HAL_MspInit       stm32f4xx_hal_msp.o
    0x080026e4   0x080026e4   0x0000001a   Code   RO         1591    i.HAL_NVIC_EnableIRQ  stm32f4xx_hal_cortex.o
    0x080026fe   0x080026fe   0x00000002   PAD
    0x08002700   0x08002700   0x00000040   Code   RO         1597    i.HAL_NVIC_SetPriority  stm32f4xx_hal_cortex.o
    0x08002740   0x08002740   0x00000024   Code   RO         1598    i.HAL_NVIC_SetPriorityGrouping  stm32f4xx_hal_cortex.o
    0x08002764   0x08002764   0x00000070   Code   RO         1520    i.HAL_PWREx_EnableOverDrive  stm32f4xx_hal_pwr_ex.o
    0x080027d4   0x080027d4   0x00000134   Code   RO          778    i.HAL_RCC_ClockConfig  stm32f4xx_hal_rcc.o
    0x08002908   0x08002908   0x0000000c   Code   RO          783    i.HAL_RCC_GetHCLKFreq  stm32f4xx_hal_rcc.o
    0x08002914   0x08002914   0x00000020   Code   RO          785    i.HAL_RCC_GetPCLK1Freq  stm32f4xx_hal_rcc.o
    0x08002934   0x08002934   0x00000020   Code   RO          786    i.HAL_RCC_GetPCLK2Freq  stm32f4xx_hal_rcc.o
    0x08002954   0x08002954   0x00000064   Code   RO          787    i.HAL_RCC_GetSysClockFreq  stm32f4xx_hal_rcc.o
    0x080029b8   0x080029b8   0x0000035c   Code   RO          790    i.HAL_RCC_OscConfig  stm32f4xx_hal_rcc.o
    0x08002d14   0x08002d14   0x00000018   Code   RO         1600    i.HAL_SYSTICK_CLKSourceConfig  stm32f4xx_hal_cortex.o
    0x08002d2c   0x08002d2c   0x00000028   Code   RO         1602    i.HAL_SYSTICK_Config  stm32f4xx_hal_cortex.o
    0x08002d54   0x08002d54   0x00000002   Code   RO          472    i.HAL_UART_ErrorCallback  stm32f4xx_hal_uart.o
    0x08002d56   0x08002d56   0x00000002   PAD
    0x08002d58   0x08002d58   0x00000114   Code   RO          475    i.HAL_UART_IRQHandler  stm32f4xx_hal_uart.o
    0x08002e6c   0x08002e6c   0x00000062   Code   RO          476    i.HAL_UART_Init     stm32f4xx_hal_uart.o
    0x08002ece   0x08002ece   0x00000002   PAD
    0x08002ed0   0x08002ed0   0x0000008c   Code   RO          261    i.HAL_UART_MspInit  usart.o
    0x08002f5c   0x08002f5c   0x00000002   Code   RO          482    i.HAL_UART_RxCpltCallback  stm32f4xx_hal_uart.o
    0x08002f5e   0x08002f5e   0x000000ba   Code   RO          484    i.HAL_UART_Transmit  stm32f4xx_hal_uart.o
    0x08003018   0x08003018   0x00000002   Code   RO          487    i.HAL_UART_TxCpltCallback  stm32f4xx_hal_uart.o
    0x0800301a   0x0800301a   0x00000002   Code   RO          324    i.HardFault_Handler  stm32f4xx_it.o
    0x0800301c   0x0800301c   0x00000048   Code   RO         7494    i.MQTTDeserialize_ack  mqttdeserializepublish.o
    0x08003064   0x08003064   0x0000005c   Code   RO         7400    i.MQTTDeserialize_connack  mqttconnectclient.o
    0x080030c0   0x080030c0   0x0000008c   Code   RO         7495    i.MQTTDeserialize_publish  mqttdeserializepublish.o
    0x0800314c   0x0800314c   0x0000007c   Code   RO         7720    i.MQTTDeserialize_suback  mqttsubscribeclient.o
    0x080031c8   0x080031c8   0x000000e2   Code   RO         7872    i.MQTTMsgPublish    mqttclient.o
    0x080032aa   0x080032aa   0x00000036   Code   RO         7570    i.MQTTPacket_decode  mqttpacket.o
    0x080032e0   0x080032e0   0x00000014   Code   RO         7571    i.MQTTPacket_decodeBuf  mqttpacket.o
    0x080032f4   0x080032f4   0x0000002a   Code   RO         7572    i.MQTTPacket_encode  mqttpacket.o
    0x0800331e   0x0800331e   0x00000002   PAD
    0x08003320   0x08003320   0x00000028   Code   RO         7574    i.MQTTPacket_len    mqttpacket.o
    0x08003348   0x08003348   0x0000004e   Code   RO         7575    i.MQTTPacket_read   mqttpacket.o
    0x08003396   0x08003396   0x00000048   Code   RO         7678    i.MQTTSerialize_ack  mqttserializepublish.o
    0x080033de   0x080033de   0x00000002   PAD
    0x080033e0   0x080033e0   0x00000118   Code   RO         7401    i.MQTTSerialize_connect  mqttconnectclient.o
    0x080034f8   0x080034f8   0x00000076   Code   RO         7402    i.MQTTSerialize_connectLength  mqttconnectclient.o
    0x0800356e   0x0800356e   0x00000006   Code   RO         7404    i.MQTTSerialize_pingreq  mqttconnectclient.o
    0x08003574   0x08003574   0x0000000e   Code   RO         7679    i.MQTTSerialize_puback  mqttserializepublish.o
    0x08003582   0x08003582   0x0000000e   Code   RO         7680    i.MQTTSerialize_pubcomp  mqttserializepublish.o
    0x08003590   0x08003590   0x00000086   Code   RO         7681    i.MQTTSerialize_publish  mqttserializepublish.o
    0x08003616   0x08003616   0x0000001e   Code   RO         7682    i.MQTTSerialize_publishLength  mqttserializepublish.o
    0x08003634   0x08003634   0x0000000e   Code   RO         7683    i.MQTTSerialize_pubrel  mqttserializepublish.o
    0x08003642   0x08003642   0x00000002   PAD
    0x08003644   0x08003644   0x0000008c   Code   RO         7721    i.MQTTSerialize_subscribe  mqttsubscribeclient.o
    0x080036d0   0x080036d0   0x0000002e   Code   RO         7722    i.MQTTSerialize_subscribeLength  mqttsubscribeclient.o
    0x080036fe   0x080036fe   0x00000032   Code   RO         7405    i.MQTTSerialize_zero  mqttconnectclient.o
    0x08003730   0x08003730   0x000000fc   Code   RO         7873    i.MQTTSubscribe     mqttclient.o
    0x0800382c   0x0800382c   0x00000178   Code   RO         7874    i.MQTT_Connect      mqttclient.o
    0x080039a4   0x080039a4   0x00000088   Code   RO         7875    i.MQTT_PingReq      mqttclient.o
    0x08003a2c   0x08003a2c   0x0000000e   Code   RO         7577    i.MQTTstrlen        mqttpacket.o
    0x08003a3a   0x08003a3a   0x00000002   PAD
    0x08003a3c   0x08003a3c   0x0000009c   Code   RO          231    i.MX_GPIO_Init      gpio.o
    0x08003ad8   0x08003ad8   0x00000038   Code   RO          262    i.MX_USART1_UART_Init  usart.o
    0x08003b10   0x08003b10   0x00000002   Code   RO          325    i.MemManage_Handler  stm32f4xx_it.o
    0x08003b12   0x08003b12   0x00000002   Code   RO          326    i.NMI_Handler       stm32f4xx_it.o
    0x08003b14   0x08003b14   0x00000128   Code   RO         8592    i.Proscess          cjson_process.o
    0x08003c3c   0x08003c3c   0x00000068   Code   RO         7876    i.ReadPacketTimeout  mqttclient.o
    0x08003ca4   0x08003ca4   0x00000018   Code   RO          327    i.SysTick_Handler   stm32f4xx_it.o
    0x08003cbc   0x08003cbc   0x000000a4   Code   RO           15    i.SystemClock_Config  main.o
    0x08003d60   0x08003d60   0x0000001c   Code   RO         2145    i.SystemInit        system_stm32f4xx.o
    0x08003d7c   0x08003d7c   0x000000f4   Code   RO         7133    i.TCPIP_Init        sys_arch.o
    0x08003e70   0x08003e70   0x0000000c   Code   RO           16    i.Test1_Task        main.o
    0x08003e7c   0x08003e7c   0x0000000c   Code   RO           17    i.Test2_Task        main.o
    0x08003e88   0x08003e88   0x00000010   Code   RO          489    i.UART_DMAAbortOnError  stm32f4xx_hal_uart.o
    0x08003e98   0x08003e98   0x0000001c   Code   RO          499    i.UART_EndRxTransfer  stm32f4xx_hal_uart.o
    0x08003eb4   0x08003eb4   0x00000096   Code   RO          501    i.UART_Receive_IT   stm32f4xx_hal_uart.o
    0x08003f4a   0x08003f4a   0x00000002   PAD
    0x08003f4c   0x08003f4c   0x00000128   Code   RO          502    i.UART_SetConfig    stm32f4xx_hal_uart.o
    0x08004074   0x08004074   0x00000062   Code   RO          503    i.UART_Transmit_IT  stm32f4xx_hal_uart.o
    0x080040d6   0x080040d6   0x00000064   Code   RO          504    i.UART_WaitOnFlagUntilTimeout  stm32f4xx_hal_uart.o
    0x0800413a   0x0800413a   0x00000002   PAD
    0x0800413c   0x0800413c   0x00000020   Code   RO          328    i.USART1_IRQHandler  stm32f4xx_it.o
    0x0800415c   0x0800415c   0x00000002   Code   RO          329    i.UsageFault_Handler  stm32f4xx_it.o
    0x0800415e   0x0800415e   0x00000002   PAD
    0x08004160   0x08004160   0x0000014c   Code   RO         7877    i.UserMsgCtl        mqttclient.o
    0x080042ac   0x080042ac   0x0000004c   Code   RO         7878    i.WaitForPacket     mqttclient.o
    0x080042f8   0x080042f8   0x00000020   Code   RO         8928    i.__0printf         mc_w.l(printfa.o)
    0x08004318   0x08004318   0x00000028   Code   RO         8930    i.__0sprintf        mc_w.l(printfa.o)
    0x08004340   0x08004340   0x00000020   Code   RO         1604    i.__NVIC_SetPriority  stm32f4xx_hal_cortex.o
    0x08004360   0x08004360   0x00000028   Code   RO         8629    i.__hardfp_strtod   m_wm.l(strtod.o)
    0x08004388   0x08004388   0x0000000e   Code   RO         9074    i.__scatterload_copy  mc_w.l(handlers.o)
    0x08004396   0x08004396   0x00000002   Code   RO         9075    i.__scatterload_null  mc_w.l(handlers.o)
    0x08004398   0x08004398   0x0000000e   Code   RO         9076    i.__scatterload_zeroinit  mc_w.l(handlers.o)
    0x080043a6   0x080043a6   0x00000002   PAD
    0x080043a8   0x080043a8   0x00000184   Code   RO         8935    i._fp_digits        mc_w.l(printfa.o)
    0x0800452c   0x0800452c   0x0000000e   Code   RO         8988    i._is_digit         mc_w.l(scanf_fp.o)
    0x0800453a   0x0800453a   0x00000002   PAD
    0x0800453c   0x0800453c   0x000006dc   Code   RO         8936    i._printf_core      mc_w.l(printfa.o)
    0x08004c18   0x08004c18   0x00000024   Code   RO         8937    i._printf_post_padding  mc_w.l(printfa.o)
    0x08004c3c   0x08004c3c   0x0000002e   Code   RO         8938    i._printf_pre_padding  mc_w.l(printfa.o)
    0x08004c6a   0x08004c6a   0x0000000a   Code   RO         8940    i._sputc            mc_w.l(printfa.o)
    0x08004c74   0x08004c74   0x00000022   Code   RO         7997    i.add_item_to_array  cjson.o
    0x08004c96   0x08004c96   0x00000056   Code   RO         7998    i.add_item_to_object  cjson.o
    0x08004cec   0x08004cec   0x00000084   Code   RO         3856    i.alloc_socket      sockets.o
    0x08004d70   0x08004d70   0x00000024   Code   RO         7578    i.bufchar           mqttpacket.o
    0x08004d94   0x08004d94   0x0000002c   Code   RO         7999    i.buffer_skip_whitespace  cjson.o
    0x08004dc0   0x08004dc0   0x00000030   Code   RO         8009    i.cJSON_AddNumberToObject  cjson.o
    0x08004df0   0x08004df0   0x00000030   Code   RO         8010    i.cJSON_AddObjectToObject  cjson.o
    0x08004e20   0x08004e20   0x00000030   Code   RO         8012    i.cJSON_AddStringToObject  cjson.o
    0x08004e50   0x08004e50   0x00000078   Code   RO         8023    i.cJSON_CreateNumber  cjson.o
    0x08004ec8   0x08004ec8   0x00000018   Code   RO         8024    i.cJSON_CreateObject  cjson.o
    0x08004ee0   0x08004ee0   0x00000030   Code   RO         8027    i.cJSON_CreateString  cjson.o
    0x08004f10   0x08004f10   0x000000d8   Code   RO         8593    i.cJSON_Data_Init   cjson_process.o
    0x08004fe8   0x08004fe8   0x00000048   Code   RO         8031    i.cJSON_Delete      cjson.o
    0x08005030   0x08005030   0x00000006   Code   RO         8043    i.cJSON_GetObjectItem  cjson.o
    0x08005036   0x08005036   0x00000016   Code   RO         8060    i.cJSON_New_Item    cjson.o
    0x0800504c   0x0800504c   0x00000008   Code   RO         8061    i.cJSON_Parse       cjson.o
    0x08005054   0x08005054   0x000000e4   Code   RO         8062    i.cJSON_ParseWithOpts  cjson.o
    0x08005138   0x08005138   0x0000000c   Code   RO         8063    i.cJSON_Print       cjson.o
    0x08005144   0x08005144   0x00000028   Code   RO         8075    i.cJSON_strdup      cjson.o
    0x0800516c   0x0800516c   0x0000004a   Code   RO         7879    i.deliverMessage    mqttclient.o
    0x080051b6   0x080051b6   0x00000002   PAD
    0x080051b8   0x080051b8   0x00000034   Code   RO         4345    i.dhcp_arp_reply    dhcp.o
    0x080051ec   0x080051ec   0x00000118   Code   RO         4346    i.dhcp_bind         dhcp.o
    0x08005304   0x08005304   0x00000034   Code   RO         4347    i.dhcp_check        dhcp.o
    0x08005338   0x08005338   0x000000ac   Code   RO         4349    i.dhcp_coarse_tmr   dhcp.o
    0x080053e4   0x080053e4   0x0000016c   Code   RO         4350    i.dhcp_create_msg   dhcp.o
    0x08005550   0x08005550   0x00000050   Code   RO         4351    i.dhcp_dec_pcb_refcount  dhcp.o
    0x080055a0   0x080055a0   0x0000009c   Code   RO         4352    i.dhcp_decline      dhcp.o
    0x0800563c   0x0800563c   0x000000e8   Code   RO         4353    i.dhcp_discover     dhcp.o
    0x08005724   0x08005724   0x00000034   Code   RO         4354    i.dhcp_fine_tmr     dhcp.o
    0x08005758   0x08005758   0x00000088   Code   RO         4355    i.dhcp_handle_ack   dhcp.o
    0x080057e0   0x080057e0   0x00000084   Code   RO         4356    i.dhcp_inc_pcb_refcount  dhcp.o
    0x08005864   0x08005864   0x00000030   Code   RO         4359    i.dhcp_option       dhcp.o
    0x08005894   0x08005894   0x00000054   Code   RO         4360    i.dhcp_option_byte  dhcp.o
    0x080058e8   0x080058e8   0x00000070   Code   RO         4361    i.dhcp_option_long  dhcp.o
    0x08005958   0x08005958   0x00000060   Code   RO         4362    i.dhcp_option_short  dhcp.o
    0x080059b8   0x080059b8   0x00000020   Code   RO         4363    i.dhcp_option_trailer  dhcp.o
    0x080059d8   0x080059d8   0x00000304   Code   RO         4364    i.dhcp_parse_reply  dhcp.o
    0x08005cdc   0x08005cdc   0x000000d8   Code   RO         4365    i.dhcp_rebind       dhcp.o
    0x08005db4   0x08005db4   0x00000100   Code   RO         4366    i.dhcp_reboot       dhcp.o
    0x08005eb4   0x08005eb4   0x00000120   Code   RO         4367    i.dhcp_recv         dhcp.o
    0x08005fd4   0x08005fd4   0x000000bc   Code   RO         4369    i.dhcp_release_and_stop  dhcp.o
    0x08006090   0x08006090   0x000000d8   Code   RO         4370    i.dhcp_renew        dhcp.o
    0x08006168   0x08006168   0x00000190   Code   RO         4371    i.dhcp_select       dhcp.o
    0x080062f8   0x080062f8   0x00000010   Code   RO         4372    i.dhcp_set_state    dhcp.o
    0x08006308   0x08006308   0x000000b8   Code   RO         4374    i.dhcp_start        dhcp.o
    0x080063c0   0x080063c0   0x0000001c   Code   RO         4376    i.dhcp_supplied_address  dhcp.o
    0x080063dc   0x080063dc   0x0000006c   Code   RO         4377    i.dhcp_timeout      dhcp.o
    0x08006448   0x08006448   0x000000a8   Code   RO         5197    i.dns_alloc_pcb     dns.o
    0x080064f0   0x080064f0   0x00000024   Code   RO         5198    i.dns_backupserver_available  dns.o
    0x08006514   0x08006514   0x00000098   Code   RO         5199    i.dns_call_found    dns.o
    0x080065ac   0x080065ac   0x00000100   Code   RO         5200    i.dns_check_entry   dns.o
    0x080066ac   0x080066ac   0x00000086   Code   RO         5201    i.dns_compare_name  dns.o
    0x08006732   0x08006732   0x00000002   PAD
    0x08006734   0x08006734   0x00000134   Code   RO         5202    i.dns_enqueue       dns.o
    0x08006868   0x08006868   0x00000094   Code   RO         5204    i.dns_gethostbyname_addrtype  dns.o
    0x080068fc   0x080068fc   0x00000024   Code   RO         5206    i.dns_init          dns.o
    0x08006920   0x08006920   0x00000220   Code   RO         5207    i.dns_recv          dns.o
    0x08006b40   0x08006b40   0x00000148   Code   RO         5208    i.dns_send          dns.o
    0x08006c88   0x08006c88   0x00000020   Code   RO         5209    i.dns_setserver     dns.o
    0x08006ca8   0x08006ca8   0x00000014   Code   RO         5210    i.dns_tmr           dns.o
    0x08006cbc   0x08006cbc   0x00000048   Code   RO         5516    i.do_memp_free_pool  memp.o
    0x08006d04   0x08006d04   0x00000058   Code   RO         5517    i.do_memp_malloc_pool  memp.o
    0x08006d5c   0x08006d5c   0x0000008a   Code   RO         8077    i.ensure            cjson.o
    0x08006de6   0x08006de6   0x00000002   PAD
    0x08006de8   0x08006de8   0x00000154   Code   RO         3358    i.err_tcp           api_msg.o
    0x08006f3c   0x08006f3c   0x0000001c   Code   RO         3596    i.err_to_errno      err.o
    0x08006f58   0x08006f58   0x0000002c   Code   RO         4589    i.etharp_cleanup_netif  etharp.o
    0x08006f84   0x08006f84   0x000001d4   Code   RO         4591    i.etharp_find_entry  etharp.o
    0x08007158   0x08007158   0x00000024   Code   RO         4592    i.etharp_free_entry  etharp.o
    0x0800717c   0x0800717c   0x000000b0   Code   RO         4594    i.etharp_input      etharp.o
    0x0800722c   0x0800722c   0x00000138   Code   RO         4595    i.etharp_output     etharp.o
    0x08007364   0x08007364   0x000000a8   Code   RO         4596    i.etharp_output_to_arp_index  etharp.o
    0x0800740c   0x0800740c   0x0000016c   Code   RO         4597    i.etharp_query      etharp.o
    0x08007578   0x08007578   0x000000fc   Code   RO         4598    i.etharp_raw        etharp.o
    0x08007674   0x08007674   0x0000000c   Code   RO         4599    i.etharp_request    etharp.o
    0x08007680   0x08007680   0x00000020   Code   RO         4600    i.etharp_request_dst  etharp.o
    0x080076a0   0x080076a0   0x00000060   Code   RO         4601    i.etharp_tmr        etharp.o
    0x08007700   0x08007700   0x000000b4   Code   RO         4602    i.etharp_update_arp_entry  etharp.o
    0x080077b4   0x080077b4   0x000000a4   Code   RO         6898    i.ethernet_input    ethernet.o
    0x08007858   0x08007858   0x00000090   Code   RO         6899    i.ethernet_output   ethernet.o
    0x080078e8   0x080078e8   0x00000094   Code   RO         7028    i.ethernetif_init   ethernetif.o
    0x0800797c   0x0800797c   0x0000004c   Code   RO         7029    i.ethernetif_input  ethernetif.o
    0x080079c8   0x080079c8   0x000000d4   Code   RO         3857    i.event_callback    sockets.o
    0x08007a9c   0x08007a9c   0x00000018   Code   RO          265    i.fputc             usart.o
    0x08007ab4   0x08007ab4   0x0000003c   Code   RO         3858    i.free_socket       sockets.o
    0x08007af0   0x08007af0   0x0000007a   Code   RO         8079    i.get_object_item   cjson.o
    0x08007b6a   0x08007b6a   0x00000002   PAD
    0x08007b6c   0x08007b6c   0x00000018   Code   RO         3859    i.get_socket        sockets.o
    0x08007b84   0x08007b84   0x00000008   Code   RO         4699    i.icmp_dest_unreach  icmp.o
    0x08007b8c   0x08007b8c   0x00000180   Code   RO         4700    i.icmp_input        icmp.o
    0x08007d0c   0x08007d0c   0x000000a8   Code   RO         4701    i.icmp_send_response  icmp.o
    0x08007db4   0x08007db4   0x00000008   Code   RO         4702    i.icmp_time_exceeded  icmp.o
    0x08007dbc   0x08007dbc   0x00000022   Code   RO         4746    i.igmp_delaying_member  igmp.o
    0x08007dde   0x08007dde   0x00000002   PAD
    0x08007de0   0x08007de0   0x0000001c   Code   RO         4747    i.igmp_init         igmp.o
    0x08007dfc   0x08007dfc   0x000000a4   Code   RO         4748    i.igmp_input        igmp.o
    0x08007ea0   0x08007ea0   0x000000d0   Code   RO         4749    i.igmp_joingroup    igmp.o
    0x08007f70   0x08007f70   0x00000130   Code   RO         4750    i.igmp_joingroup_netif  igmp.o
    0x080080a0   0x080080a0   0x000000d4   Code   RO         4751    i.igmp_leavegroup   igmp.o
    0x08008174   0x08008174   0x0000014c   Code   RO         4752    i.igmp_leavegroup_netif  igmp.o
    0x080082c0   0x080082c0   0x00000014   Code   RO         4753    i.igmp_lookfor_group  igmp.o
    0x080082d4   0x080082d4   0x000000a8   Code   RO         4754    i.igmp_lookup_group  igmp.o
    0x0800837c   0x0800837c   0x0000001c   Code   RO         4755    i.igmp_report_groups  igmp.o
    0x08008398   0x08008398   0x000000e8   Code   RO         4756    i.igmp_send         igmp.o
    0x08008480   0x08008480   0x00000030   Code   RO         4757    i.igmp_start        igmp.o
    0x080084b0   0x080084b0   0x00000028   Code   RO         4758    i.igmp_start_timer  igmp.o
    0x080084d8   0x080084d8   0x00000054   Code   RO         4760    i.igmp_tmr          igmp.o
    0x0800852c   0x0800852c   0x0000000c   Code   RO         5302    i.inet_chksum       inet_chksum.o
    0x08008538   0x08008538   0x0000004a   Code   RO         5303    i.inet_chksum_pbuf  inet_chksum.o
    0x08008582   0x08008582   0x0000002e   Code   RO         4949    i.ip4_addr_isbroadcast_u32  ip4_addr.o
    0x080085b0   0x080085b0   0x000001e0   Code   RO         5018    i.ip4_frag          ip4_frag.o
    0x08008790   0x08008790   0x000001cc   Code   RO         4859    i.ip4_input         ip4.o
    0x0800895c   0x0800895c   0x0000002c   Code   RO         4860    i.ip4_input_accept  ip4.o
    0x08008988   0x08008988   0x0000001e   Code   RO         4862    i.ip4_output_if     ip4.o
    0x080089a6   0x080089a6   0x00000030   Code   RO         4863    i.ip4_output_if_opt  ip4.o
    0x080089d6   0x080089d6   0x00000002   PAD
    0x080089d8   0x080089d8   0x00000150   Code   RO         4864    i.ip4_output_if_opt_src  ip4.o
    0x08008b28   0x08008b28   0x0000001e   Code   RO         4865    i.ip4_output_if_src  ip4.o
    0x08008b46   0x08008b46   0x00000002   PAD
    0x08008b48   0x08008b48   0x00000214   Code   RO         5019    i.ip4_reass         ip4_frag.o
    0x08008d5c   0x08008d5c   0x00000070   Code   RO         4866    i.ip4_route         ip4.o
    0x08008dcc   0x08008dcc   0x00000128   Code   RO         4951    i.ip4addr_aton      ip4_addr.o
    0x08008ef4   0x08008ef4   0x0000000c   Code   RO         4952    i.ip4addr_ntoa      ip4_addr.o
    0x08008f00   0x08008f00   0x00000078   Code   RO         4953    i.ip4addr_ntoa_r    ip4_addr.o
    0x08008f78   0x08008f78   0x00000024   Code   RO         5020    i.ip_frag_free_pbuf_custom_ref  ip4_frag.o
    0x08008f9c   0x08008f9c   0x000001b8   Code   RO         5021    i.ip_reass_chain_frag_into_datagram_and_validate  ip4_frag.o
    0x08009154   0x08009154   0x0000004c   Code   RO         5022    i.ip_reass_dequeue_datagram  ip4_frag.o
    0x080091a0   0x080091a0   0x00000110   Code   RO         5023    i.ip_reass_free_complete_datagram  ip4_frag.o
    0x080092b0   0x080092b0   0x00000080   Code   RO         5024    i.ip_reass_remove_oldest_datagram  ip4_frag.o
    0x08009330   0x08009330   0x0000002c   Code   RO         5025    i.ip_reass_tmr      ip4_frag.o
    0x0800935c   0x0800935c   0x00000014   Code   RO         4954    i.ipaddr_addr       ip4_addr.o
    0x08009370   0x08009370   0x0000002c   Code   RO         5026    i.ipfrag_free_pbuf_custom  ip4_frag.o
    0x0800939c   0x0800939c   0x00000148   Code   RO         7030    i.low_level_init    ethernetif.o
    0x080094e4   0x080094e4   0x000000f0   Code   RO         7031    i.low_level_input   ethernetif.o
    0x080095d4   0x080095d4   0x000000d4   Code   RO         7032    i.low_level_output  ethernetif.o
    0x080096a8   0x080096a8   0x0000007c   Code   RO         3862    i.lwip_close        sockets.o
    0x08009724   0x08009724   0x00000090   Code   RO         3863    i.lwip_connect      sockets.o
    0x080097b4   0x080097b4   0x0000003c   Code   RO         6644    i.lwip_cyclic_timer  timeouts.o
    0x080097f0   0x080097f0   0x00000004   Code   RO         5143    i.lwip_htonl        def.o
    0x080097f4   0x080097f4   0x00000004   Code   RO         5144    i.lwip_htons        def.o
    0x080097f8   0x080097f8   0x0000002a   Code   RO         5375    i.lwip_init         init.o
    0x08009822   0x08009822   0x00000002   PAD
    0x08009824   0x08009824   0x00000028   Code   RO         3873    i.lwip_link_select_cb  sockets.o
    0x0800984c   0x0800984c   0x000000c4   Code   RO         3361    i.lwip_netconn_do_close  api_msg.o
    0x08009910   0x08009910   0x00000234   Code   RO         3362    i.lwip_netconn_do_close_internal  api_msg.o
    0x08009b44   0x08009b44   0x000000f0   Code   RO         3363    i.lwip_netconn_do_connect  api_msg.o
    0x08009c34   0x08009c34   0x00000110   Code   RO         3364    i.lwip_netconn_do_connected  api_msg.o
    0x08009d44   0x08009d44   0x0000011c   Code   RO         3365    i.lwip_netconn_do_delconn  api_msg.o
    0x08009e60   0x08009e60   0x00000020   Code   RO         3366    i.lwip_netconn_do_disconnect  api_msg.o
    0x08009e80   0x08009e80   0x0000001a   Code   RO         3367    i.lwip_netconn_do_dns_found  api_msg.o
    0x08009e9a   0x08009e9a   0x00000002   PAD
    0x08009e9c   0x08009e9c   0x00000080   Code   RO         3368    i.lwip_netconn_do_getaddr  api_msg.o
    0x08009f1c   0x08009f1c   0x00000078   Code   RO         3369    i.lwip_netconn_do_gethostbyname  api_msg.o
    0x08009f94   0x08009f94   0x00000036   Code   RO         3370    i.lwip_netconn_do_join_leave_group  api_msg.o
    0x08009fca   0x08009fca   0x00000012   Code   RO         3373    i.lwip_netconn_do_newconn  api_msg.o
    0x08009fdc   0x08009fdc   0x00000042   Code   RO         3374    i.lwip_netconn_do_recv  api_msg.o
    0x0800a01e   0x0800a01e   0x00000042   Code   RO         3375    i.lwip_netconn_do_send  api_msg.o
    0x0800a060   0x0800a060   0x000000d0   Code   RO         3376    i.lwip_netconn_do_write  api_msg.o
    0x0800a130   0x0800a130   0x000002f4   Code   RO         3377    i.lwip_netconn_do_writemore  api_msg.o
    0x0800a424   0x0800a424   0x00000044   Code   RO         3378    i.lwip_netconn_err_to_msg  api_msg.o
    0x0800a468   0x0800a468   0x00000048   Code   RO         3379    i.lwip_netconn_is_err_msg  api_msg.o
    0x0800a4b0   0x0800a4b0   0x0000000e   Code   RO         3879    i.lwip_recv         sockets.o
    0x0800a4be   0x0800a4be   0x00000002   PAD
    0x0800a4c0   0x0800a4c0   0x00000184   Code   RO         3880    i.lwip_recv_tcp     sockets.o
    0x0800a644   0x0800a644   0x000000d0   Code   RO         3881    i.lwip_recvfrom     sockets.o
    0x0800a714   0x0800a714   0x00000114   Code   RO         3882    i.lwip_recvfrom_udp_raw  sockets.o
    0x0800a828   0x0800a828   0x000002a8   Code   RO         3884    i.lwip_select       sockets.o
    0x0800aad0   0x0800aad0   0x00000188   Code   RO         3885    i.lwip_selscan      sockets.o
    0x0800ac58   0x0800ac58   0x00000074   Code   RO         3886    i.lwip_send         sockets.o
    0x0800accc   0x0800accc   0x000000e8   Code   RO         3888    i.lwip_sendto       sockets.o
    0x0800adb4   0x0800adb4   0x0000006c   Code   RO         3891    i.lwip_shutdown     sockets.o
    0x0800ae20   0x0800ae20   0x000000a4   Code   RO         3892    i.lwip_sock_make_addr  sockets.o
    0x0800aec4   0x0800aec4   0x00000068   Code   RO         3893    i.lwip_socket       sockets.o
    0x0800af2c   0x0800af2c   0x0000004c   Code   RO         3895    i.lwip_socket_drop_registered_memberships  sockets.o
    0x0800af78   0x0800af78   0x00000058   Code   RO         5310    i.lwip_standard_chksum  inet_chksum.o
    0x0800afd0   0x0800afd0   0x00000034   Code   RO         5147    i.lwip_strnicmp     def.o
    0x0800b004   0x0800b004   0x0000007c   Code   RO         3900    i.lwip_unlink_select_cb  sockets.o
    0x0800b080   0x0800b080   0x00000006   Code   RO         3901    i.lwip_write        sockets.o
    0x0800b086   0x0800b086   0x00000002   PAD
    0x0800b088   0x0800b088   0x00000068   Code   RO           18    i.main              main.o
    0x0800b0f0   0x0800b0f0   0x00000154   Code   RO         5450    i.mem_free          mem.o
    0x0800b244   0x0800b244   0x00000068   Code   RO         5451    i.mem_init          mem.o
    0x0800b2ac   0x0800b2ac   0x000001cc   Code   RO         5452    i.mem_malloc        mem.o
    0x0800b478   0x0800b478   0x00000010   Code   RO         5453    i.mem_to_ptr        mem.o
    0x0800b488   0x0800b488   0x00000168   Code   RO         5454    i.mem_trim          mem.o
    0x0800b5f0   0x0800b5f0   0x0000003c   Code   RO         5518    i.memp_free         memp.o
    0x0800b62c   0x0800b62c   0x00000020   Code   RO         5520    i.memp_init         memp.o
    0x0800b64c   0x0800b64c   0x0000002a   Code   RO         5521    i.memp_init_pool    memp.o
    0x0800b676   0x0800b676   0x00000002   PAD
    0x0800b678   0x0800b678   0x00000044   Code   RO         5522    i.memp_malloc       memp.o
    0x0800b6bc   0x0800b6bc   0x000000dc   Code   RO         7880    i.mqtt_pktype_ctl   mqttclient.o
    0x0800b798   0x0800b798   0x00000134   Code   RO         7881    i.mqtt_recv_thread  mqttclient.o
    0x0800b8cc   0x0800b8cc   0x00000224   Code   RO         7882    i.mqtt_send_thread  mqttclient.o
    0x0800baf0   0x0800baf0   0x00000058   Code   RO         7883    i.mqtt_thread_init  mqttclient.o
    0x0800bb48   0x0800bb48   0x00000022   Code   RO         3697    i.netbuf_delete     netbuf.o
    0x0800bb6a   0x0800bb6a   0x00000002   PAD
    0x0800bb6c   0x0800bb6c   0x0000003c   Code   RO         3699    i.netbuf_free       netbuf.o
    0x0800bba8   0x0800bba8   0x00000060   Code   RO         3702    i.netbuf_ref        netbuf.o
    0x0800bc08   0x0800bc08   0x000000a4   Code   RO         3380    i.netconn_alloc     api_msg.o
    0x0800bcac   0x0800bcac   0x00000016   Code   RO         3015    i.netconn_apimsg    api_lib.o
    0x0800bcc2   0x0800bcc2   0x00000002   PAD
    0x0800bcc4   0x0800bcc4   0x0000004c   Code   RO         3019    i.netconn_close_shutdown  api_lib.o
    0x0800bd10   0x0800bd10   0x00000054   Code   RO         3020    i.netconn_connect   api_lib.o
    0x0800bd64   0x0800bd64   0x0000001e   Code   RO         3021    i.netconn_delete    api_lib.o
    0x0800bd82   0x0800bd82   0x00000002   PAD
    0x0800bd84   0x0800bd84   0x00000048   Code   RO         3022    i.netconn_disconnect  api_lib.o
    0x0800bdcc   0x0800bdcc   0x0000009c   Code   RO         3381    i.netconn_drain     api_msg.o
    0x0800be68   0x0800be68   0x0000001e   Code   RO         3023    i.netconn_err       api_lib.o
    0x0800be86   0x0800be86   0x00000002   PAD
    0x0800be88   0x0800be88   0x000000f4   Code   RO         3382    i.netconn_free      api_msg.o
    0x0800bf7c   0x0800bf7c   0x0000009c   Code   RO         3024    i.netconn_getaddr   api_lib.o
    0x0800c018   0x0800c018   0x000000a0   Code   RO         3025    i.netconn_gethostbyname  api_lib.o
    0x0800c0b8   0x0800c0b8   0x00000064   Code   RO         3026    i.netconn_join_leave_group  api_lib.o
    0x0800c11c   0x0800c11c   0x00000100   Code   RO         3029    i.netconn_new_with_proto_and_callback  api_lib.o
    0x0800c21c   0x0800c21c   0x00000020   Code   RO         3030    i.netconn_prepare_delete  api_lib.o
    0x0800c23c   0x0800c23c   0x00000124   Code   RO         3032    i.netconn_recv_data  api_lib.o
    0x0800c360   0x0800c360   0x00000098   Code   RO         3033    i.netconn_recv_data_tcp  api_lib.o
    0x0800c3f8   0x0800c3f8   0x00000048   Code   RO         3035    i.netconn_recv_tcp_pbuf_flags  api_lib.o
    0x0800c440   0x0800c440   0x00000050   Code   RO         3037    i.netconn_recv_udp_raw_netbuf_flags  api_lib.o
    0x0800c490   0x0800c490   0x00000044   Code   RO         3038    i.netconn_send      api_lib.o
    0x0800c4d4   0x0800c4d4   0x0000000e   Code   RO         3040    i.netconn_shutdown  api_lib.o
    0x0800c4e2   0x0800c4e2   0x00000002   PAD
    0x0800c4e4   0x0800c4e4   0x0000004c   Code   RO         3041    i.netconn_tcp_recvd  api_lib.o
    0x0800c530   0x0800c530   0x00000054   Code   RO         3042    i.netconn_tcp_recvd_msg  api_lib.o
    0x0800c584   0x0800c584   0x00000014   Code   RO         3043    i.netconn_write_partly  api_lib.o
    0x0800c598   0x0800c598   0x00000118   Code   RO         3044    i.netconn_write_vectors_partly  api_lib.o
    0x0800c6b0   0x0800c6b0   0x0000016c   Code   RO         5662    i.netif_add         netif.o
    0x0800c81c   0x0800c81c   0x00000016   Code   RO         5664    i.netif_do_ip_addr_changed  netif.o
    0x0800c832   0x0800c832   0x00000016   Code   RO         5665    i.netif_do_set_gw   netif.o
    0x0800c848   0x0800c848   0x00000058   Code   RO         5666    i.netif_do_set_ipaddr  netif.o
    0x0800c8a0   0x0800c8a0   0x00000016   Code   RO         5667    i.netif_do_set_netmask  netif.o
    0x0800c8b6   0x0800c8b6   0x00000002   PAD
    0x0800c8b8   0x0800c8b8   0x00000028   Code   RO         5669    i.netif_get_by_index  netif.o
    0x0800c8e0   0x0800c8e0   0x00000002   Code   RO         5671    i.netif_init        netif.o
    0x0800c8e2   0x0800c8e2   0x00000002   PAD
    0x0800c8e4   0x0800c8e4   0x00000068   Code   RO         5673    i.netif_issue_reports  netif.o
    0x0800c94c   0x0800c94c   0x00000006   Code   RO         5675    i.netif_null_output_ip4  netif.o
    0x0800c952   0x0800c952   0x00000002   PAD
    0x0800c954   0x0800c954   0x00000060   Code   RO         5677    i.netif_set_addr    netif.o
    0x0800c9b4   0x0800c9b4   0x0000000c   Code   RO         5678    i.netif_set_default  netif.o
    0x0800c9c0   0x0800c9c0   0x00000044   Code   RO         5679    i.netif_set_down    netif.o
    0x0800ca04   0x0800ca04   0x0000003c   Code   RO         5685    i.netif_set_up      netif.o
    0x0800ca40   0x0800ca40   0x000000cc   Code   RO         8080    i.parse_array       cjson.o
    0x0800cb0c   0x0800cb0c   0x00000040   Code   RO         8081    i.parse_hex4        cjson.o
    0x0800cb4c   0x0800cb4c   0x00000100   Code   RO         8082    i.parse_number      cjson.o
    0x0800cc4c   0x0800cc4c   0x00000106   Code   RO         8083    i.parse_object      cjson.o
    0x0800cd52   0x0800cd52   0x0000010c   Code   RO         8084    i.parse_string      cjson.o
    0x0800ce5e   0x0800ce5e   0x00000002   PAD
    0x0800ce60   0x0800ce60   0x000000fc   Code   RO         8085    i.parse_value       cjson.o
    0x0800cf5c   0x0800cf5c   0x00000006   Code   RO         5834    i.pbuf_add_header   pbuf.o
    0x0800cf62   0x0800cf62   0x00000002   PAD
    0x0800cf64   0x0800cf64   0x00000060   Code   RO         5836    i.pbuf_add_header_impl  pbuf.o
    0x0800cfc4   0x0800cfc4   0x000001b8   Code   RO         5837    i.pbuf_alloc        pbuf.o
    0x0800d17c   0x0800d17c   0x00000050   Code   RO         5838    i.pbuf_alloc_reference  pbuf.o
    0x0800d1cc   0x0800d1cc   0x00000036   Code   RO         5839    i.pbuf_alloced_custom  pbuf.o
    0x0800d202   0x0800d202   0x00000002   PAD
    0x0800d204   0x0800d204   0x000000c0   Code   RO         5840    i.pbuf_cat          pbuf.o
    0x0800d2c4   0x0800d2c4   0x00000012   Code   RO         5841    i.pbuf_chain        pbuf.o
    0x0800d2d6   0x0800d2d6   0x00000012   Code   RO         5842    i.pbuf_clen         pbuf.o
    0x0800d2e8   0x0800d2e8   0x0000003c   Code   RO         5843    i.pbuf_clone        pbuf.o
    0x0800d324   0x0800d324   0x00000158   Code   RO         5845    i.pbuf_copy         pbuf.o
    0x0800d47c   0x0800d47c   0x000000b4   Code   RO         5846    i.pbuf_copy_partial  pbuf.o
    0x0800d530   0x0800d530   0x000000ec   Code   RO         5848    i.pbuf_free         pbuf.o
    0x0800d61c   0x0800d61c   0x00000032   Code   RO         5849    i.pbuf_free_header  pbuf.o
    0x0800d64e   0x0800d64e   0x00000006   Code   RO         5853    i.pbuf_header_force  pbuf.o
    0x0800d654   0x0800d654   0x0000000e   Code   RO         5854    i.pbuf_header_impl  pbuf.o
    0x0800d662   0x0800d662   0x0000001c   Code   RO         5855    i.pbuf_init_alloced_pbuf  pbuf.o
    0x0800d67e   0x0800d67e   0x0000001e   Code   RO         5858    i.pbuf_put_at       pbuf.o
    0x0800d69c   0x0800d69c   0x000000bc   Code   RO         5859    i.pbuf_realloc      pbuf.o
    0x0800d758   0x0800d758   0x0000003c   Code   RO         5860    i.pbuf_ref          pbuf.o
    0x0800d794   0x0800d794   0x00000068   Code   RO         5861    i.pbuf_remove_header  pbuf.o
    0x0800d7fc   0x0800d7fc   0x00000004   Code   RO         5862    i.pbuf_skip         pbuf.o
    0x0800d800   0x0800d800   0x00000018   Code   RO         5863    i.pbuf_skip_const   pbuf.o
    0x0800d818   0x0800d818   0x000000f8   Code   RO         5865    i.pbuf_take         pbuf.o
    0x0800d910   0x0800d910   0x00000080   Code   RO         5866    i.pbuf_take_at      pbuf.o
    0x0800d990   0x0800d990   0x00000020   Code   RO         5867    i.pbuf_try_get_at   pbuf.o
    0x0800d9b0   0x0800d9b0   0x00000090   Code   RO         3383    i.pcb_new           api_msg.o
    0x0800da40   0x0800da40   0x00000128   Code   RO         5455    i.plug_holes        mem.o
    0x0800db68   0x0800db68   0x00000080   Code   RO         3384    i.poll_tcp          api_msg.o
    0x0800dbe8   0x0800dbe8   0x00000098   Code   RO         8086    i.print             cjson.o
    0x0800dc80   0x0800dc80   0x00000096   Code   RO         8087    i.print_array       cjson.o
    0x0800dd16   0x0800dd16   0x00000002   PAD
    0x0800dd18   0x0800dd18   0x000000a8   Code   RO         8088    i.print_number      cjson.o
    0x0800ddc0   0x0800ddc0   0x00000140   Code   RO         8089    i.print_object      cjson.o
    0x0800df00   0x0800df00   0x00000110   Code   RO         8090    i.print_string_ptr  cjson.o
    0x0800e010   0x0800e010   0x000000d0   Code   RO         8091    i.print_value       cjson.o
    0x0800e0e0   0x0800e0e0   0x00000070   Code   RO         2531    i.prvAddCurrentTaskToDelayedList  tasks.o
    0x0800e150   0x0800e150   0x000000d0   Code   RO         2532    i.prvAddNewTaskToReadyList  tasks.o
    0x0800e220   0x0800e220   0x00000050   Code   RO         2533    i.prvCheckTasksWaitingTermination  tasks.o
    0x0800e270   0x0800e270   0x00000026   Code   RO         2360    i.prvCopyDataFromQueue  queue.o
    0x0800e296   0x0800e296   0x0000006c   Code   RO         2361    i.prvCopyDataToQueue  queue.o
    0x0800e302   0x0800e302   0x00000014   Code   RO         2534    i.prvDeleteTCB      tasks.o
    0x0800e316   0x0800e316   0x00000002   PAD
    0x0800e318   0x0800e318   0x0000004c   Code   RO         2864    i.prvHeapInit       heap_4.o
    0x0800e364   0x0800e364   0x00000028   Code   RO         2535    i.prvIdleTask       tasks.o
    0x0800e38c   0x0800e38c   0x000000b8   Code   RO         2536    i.prvInitialiseNewTask  tasks.o
    0x0800e444   0x0800e444   0x0000004c   Code   RO         2865    i.prvInsertBlockIntoFreeList  heap_4.o
    0x0800e490   0x0800e490   0x0000001c   Code   RO         2362    i.prvIsQueueEmpty   queue.o
    0x0800e4ac   0x0800e4ac   0x00000020   Code   RO         2537    i.prvResetNextTaskUnblockTime  tasks.o
    0x0800e4cc   0x0800e4cc   0x00000060   Code   RO         2926    i.prvTaskExitError  port.o
    0x0800e52c   0x0800e52c   0x0000006a   Code   RO         2363    i.prvUnlockQueue    queue.o
    0x0800e596   0x0800e596   0x00000002   PAD
    0x0800e598   0x0800e598   0x0000000c   Code   RO         5456    i.ptr_to_mem        mem.o
    0x0800e5a4   0x0800e5a4   0x00000110   Code   RO         2866    i.pvPortMalloc      heap_4.o
    0x0800e6b4   0x0800e6b4   0x00000018   Code   RO         2539    i.pvTaskIncrementMutexHeldCount  tasks.o
    0x0800e6cc   0x0800e6cc   0x0000002c   Code   RO         2927    i.pxPortInitialiseStack  port.o
    0x0800e6f8   0x0800e6f8   0x0000000c   Code   RO         7580    i.readChar          mqttpacket.o
    0x0800e704   0x0800e704   0x00000012   Code   RO         7581    i.readInt           mqttpacket.o
    0x0800e716   0x0800e716   0x00000034   Code   RO         7582    i.readMQTTLenString  mqttpacket.o
    0x0800e74a   0x0800e74a   0x00000002   PAD
    0x0800e74c   0x0800e74c   0x00000104   Code   RO         3385    i.recv_tcp          api_msg.o
    0x0800e850   0x0800e850   0x000000f0   Code   RO         3386    i.recv_udp          api_msg.o
    0x0800e940   0x0800e940   0x000000d0   Code   RO         3903    i.select_check_waiters  sockets.o
    0x0800ea10   0x0800ea10   0x00000074   Code   RO         3387    i.sent_tcp          api_msg.o
    0x0800ea84   0x0800ea84   0x00000044   Code   RO         3388    i.setup_tcp         api_msg.o
    0x0800eac8   0x0800eac8   0x00000042   Code   RO         7134    i.sys_arch_mbox_fetch  sys_arch.o
    0x0800eb0a   0x0800eb0a   0x0000001e   Code   RO         7135    i.sys_arch_mbox_tryfetch  sys_arch.o
    0x0800eb28   0x0800eb28   0x0000000a   Code   RO         7136    i.sys_arch_protect  sys_arch.o
    0x0800eb32   0x0800eb32   0x0000003a   Code   RO         7137    i.sys_arch_sem_wait  sys_arch.o
    0x0800eb6c   0x0800eb6c   0x00000004   Code   RO         7139    i.sys_arch_unprotect  sys_arch.o
    0x0800eb70   0x0800eb70   0x00000044   Code   RO         6645    i.sys_check_timeouts  timeouts.o
    0x0800ebb4   0x0800ebb4   0x00000028   Code   RO         7140    i.sys_init          sys_arch.o
    0x0800ebdc   0x0800ebdc   0x00000014   Code   RO         7142    i.sys_mbox_free     sys_arch.o
    0x0800ebf0   0x0800ebf0   0x0000001e   Code   RO         7143    i.sys_mbox_new      sys_arch.o
    0x0800ec0e   0x0800ec0e   0x00000006   Code   RO         7145    i.sys_mbox_set_invalid  sys_arch.o
    0x0800ec14   0x0800ec14   0x0000001c   Code   RO         7146    i.sys_mbox_trypost  sys_arch.o
    0x0800ec30   0x0800ec30   0x0000000a   Code   RO         7148    i.sys_mbox_valid    sys_arch.o
    0x0800ec3a   0x0800ec3a   0x0000000c   Code   RO         7150    i.sys_mutex_lock    sys_arch.o
    0x0800ec46   0x0800ec46   0x00000002   PAD
    0x0800ec48   0x0800ec48   0x0000003c   Code   RO         7151    i.sys_mutex_new     sys_arch.o
    0x0800ec84   0x0800ec84   0x0000000c   Code   RO         7153    i.sys_mutex_unlock  sys_arch.o
    0x0800ec90   0x0800ec90   0x00000010   Code   RO         7154    i.sys_now           sys_arch.o
    0x0800eca0   0x0800eca0   0x00000010   Code   RO         7155    i.sys_sem_free      sys_arch.o
    0x0800ecb0   0x0800ecb0   0x00000058   Code   RO         7156    i.sys_sem_new       sys_arch.o
    0x0800ed08   0x0800ed08   0x00000006   Code   RO         7157    i.sys_sem_set_invalid  sys_arch.o
    0x0800ed0e   0x0800ed0e   0x00000002   PAD
    0x0800ed10   0x0800ed10   0x00000040   Code   RO         7158    i.sys_sem_signal    sys_arch.o
    0x0800ed50   0x0800ed50   0x0000000a   Code   RO         7159    i.sys_sem_valid     sys_arch.o
    0x0800ed5a   0x0800ed5a   0x00000002   PAD
    0x0800ed5c   0x0800ed5c   0x0000005c   Code   RO         7160    i.sys_thread_new    sys_arch.o
    0x0800edb8   0x0800edb8   0x00000060   Code   RO         6647    i.sys_timeout       timeouts.o
    0x0800ee18   0x0800ee18   0x00000098   Code   RO         6648    i.sys_timeout_abs   timeouts.o
    0x0800eeb0   0x0800eeb0   0x00000028   Code   RO         6649    i.sys_timeouts_init  timeouts.o
    0x0800eed8   0x0800eed8   0x00000028   Code   RO         6650    i.sys_timeouts_sleeptime  timeouts.o
    0x0800ef00   0x0800ef00   0x0000013c   Code   RO         6110    i.tcp_abandon       tcp.o
    0x0800f03c   0x0800f03c   0x00000006   Code   RO         6111    i.tcp_abort         tcp.o
    0x0800f042   0x0800f042   0x0000000e   Code   RO         6112    i.tcp_accept        tcp.o
    0x0800f050   0x0800f050   0x00000128   Code   RO         6114    i.tcp_alloc         tcp.o
    0x0800f178   0x0800f178   0x00000008   Code   RO         6115    i.tcp_arg           tcp.o
    0x0800f180   0x0800f180   0x00000040   Code   RO         6118    i.tcp_close         tcp.o
    0x0800f1c0   0x0800f1c0   0x00000168   Code   RO         6119    i.tcp_close_shutdown  tcp.o
    0x0800f328   0x0800f328   0x00000064   Code   RO         6120    i.tcp_close_shutdown_fin  tcp.o
    0x0800f38c   0x0800f38c   0x00000170   Code   RO         6121    i.tcp_connect       tcp.o
    0x0800f4fc   0x0800f4fc   0x00000110   Code   RO         6484    i.tcp_create_segment  tcp_out.o
    0x0800f60c   0x0800f60c   0x00000054   Code   RO         6123    i.tcp_eff_send_mss_netif  tcp.o
    0x0800f660   0x0800f660   0x000001a4   Code   RO         6485    i.tcp_enqueue_flags  tcp_out.o
    0x0800f804   0x0800f804   0x00000044   Code   RO         6124    i.tcp_err           tcp.o
    0x0800f848   0x0800f848   0x0000006c   Code   RO         6125    i.tcp_fasttmr       tcp.o
    0x0800f8b4   0x0800f8b4   0x00000030   Code   RO         6126    i.tcp_free          tcp.o
    0x0800f8e4   0x0800f8e4   0x000000cc   Code   RO         6403    i.tcp_free_acked_segments  tcp_in.o
    0x0800f9b0   0x0800f9b0   0x00000028   Code   RO         6404    i.tcp_get_next_optbyte  tcp_in.o
    0x0800f9d8   0x0800f9d8   0x00000018   Code   RO         6127    i.tcp_init          tcp.o
    0x0800f9f0   0x0800f9f0   0x000005a0   Code   RO         6405    i.tcp_input         tcp_in.o
    0x0800ff90   0x0800ff90   0x00000070   Code   RO         6406    i.tcp_input_delayed_close  tcp_in.o
    0x08010000   0x08010000   0x00000068   Code   RO         6486    i.tcp_keepalive     tcp_out.o
    0x08010068   0x08010068   0x0000005c   Code   RO         6128    i.tcp_kill_state    tcp.o
    0x080100c4   0x080100c4   0x0000009c   Code   RO         6129    i.tcp_listen_closed  tcp.o
    0x08010160   0x08010160   0x00000130   Code   RO         6407    i.tcp_listen_input  tcp_in.o
    0x08010290   0x08010290   0x0000004c   Code   RO         6132    i.tcp_netif_ip_addr_changed  tcp.o
    0x080102dc   0x080102dc   0x00000060   Code   RO         6133    i.tcp_netif_ip_addr_changed_pcblist  tcp.o
    0x0801033c   0x0801033c   0x00000006   Code   RO         6135    i.tcp_new_ip_type   tcp.o
    0x08010342   0x08010342   0x00000002   PAD
    0x08010344   0x08010344   0x00000060   Code   RO         6136    i.tcp_new_port      tcp.o
    0x080103a4   0x080103a4   0x00000038   Code   RO         6137    i.tcp_next_iss      tcp.o
    0x080103dc   0x080103dc   0x00000270   Code   RO         6487    i.tcp_output        tcp_out.o
    0x0801064c   0x0801064c   0x00000068   Code   RO         6488    i.tcp_output_alloc_header  tcp_out.o
    0x080106b4   0x080106b4   0x000000ac   Code   RO         6489    i.tcp_output_alloc_header_common  tcp_out.o
    0x08010760   0x08010760   0x0000007c   Code   RO         6490    i.tcp_output_control_segment  tcp_out.o
    0x080107dc   0x080107dc   0x0000006c   Code   RO         6491    i.tcp_output_fill_options  tcp_out.o
    0x08010848   0x08010848   0x0000015c   Code   RO         6492    i.tcp_output_segment  tcp_out.o
    0x080109a4   0x080109a4   0x00000044   Code   RO         6493    i.tcp_output_segment_busy  tcp_out.o
    0x080109e8   0x080109e8   0x00000098   Code   RO         6408    i.tcp_parseopt      tcp_in.o
    0x08010a80   0x08010a80   0x000000dc   Code   RO         6494    i.tcp_pbuf_prealloc  tcp_out.o
    0x08010b5c   0x08010b5c   0x00000064   Code   RO         6138    i.tcp_pcb_purge     tcp.o
    0x08010bc0   0x08010bc0   0x000000ec   Code   RO         6139    i.tcp_pcb_remove    tcp.o
    0x08010cac   0x08010cac   0x00000064   Code   RO         6140    i.tcp_poll          tcp.o
    0x08010d10   0x08010d10   0x00000438   Code   RO         6409    i.tcp_process       tcp_in.o
    0x08011148   0x08011148   0x000000a4   Code   RO         6141    i.tcp_process_refused_data  tcp.o
    0x080111ec   0x080111ec   0x000004e2   Code   RO         6410    i.tcp_receive       tcp_in.o
    0x080116ce   0x080116ce   0x00000002   PAD
    0x080116d0   0x080116d0   0x00000044   Code   RO         6142    i.tcp_recv          tcp.o
    0x08011714   0x08011714   0x00000050   Code   RO         6143    i.tcp_recv_null     tcp.o
    0x08011764   0x08011764   0x0000009c   Code   RO         6144    i.tcp_recved        tcp.o
    0x08011800   0x08011800   0x00000088   Code   RO         6495    i.tcp_rexmit        tcp_out.o
    0x08011888   0x08011888   0x00000084   Code   RO         6496    i.tcp_rexmit_fast   tcp_out.o
    0x0801190c   0x0801190c   0x00000040   Code   RO         6497    i.tcp_rexmit_rto    tcp_out.o
    0x0801194c   0x0801194c   0x00000048   Code   RO         6498    i.tcp_rexmit_rto_commit  tcp_out.o
    0x08011994   0x08011994   0x00000094   Code   RO         6499    i.tcp_rexmit_rto_prepare  tcp_out.o
    0x08011a28   0x08011a28   0x00000010   Code   RO         6500    i.tcp_route         tcp_out.o
    0x08011a38   0x08011a38   0x000000a8   Code   RO         6501    i.tcp_rst           tcp_out.o
    0x08011ae0   0x08011ae0   0x0000001c   Code   RO         6145    i.tcp_seg_free      tcp.o
    0x08011afc   0x08011afc   0x00000012   Code   RO         6146    i.tcp_segs_free     tcp.o
    0x08011b0e   0x08011b0e   0x00000002   PAD
    0x08011b10   0x08011b10   0x00000088   Code   RO         6502    i.tcp_send_empty_ack  tcp_out.o
    0x08011b98   0x08011b98   0x00000068   Code   RO         6503    i.tcp_send_fin      tcp_out.o
    0x08011c00   0x08011c00   0x00000040   Code   RO         6147    i.tcp_sent          tcp.o
    0x08011c40   0x08011c40   0x00000078   Code   RO         6149    i.tcp_shutdown      tcp.o
    0x08011cb8   0x08011cb8   0x000004f4   Code   RO         6150    i.tcp_slowtmr       tcp.o
    0x080121ac   0x080121ac   0x000001ac   Code   RO         6504    i.tcp_split_unsent_seg  tcp_out.o
    0x08012358   0x08012358   0x00000034   Code   RO         6652    i.tcp_timer_needed  timeouts.o
    0x0801238c   0x0801238c   0x00000098   Code   RO         6411    i.tcp_timewait_input  tcp_in.o
    0x08012424   0x08012424   0x00000020   Code   RO         6152    i.tcp_tmr           tcp.o
    0x08012444   0x08012444   0x00000010   Code   RO         6412    i.tcp_trigger_input_pcb_close  tcp_in.o
    0x08012454   0x08012454   0x0000008c   Code   RO         6154    i.tcp_update_rcv_ann_wnd  tcp.o
    0x080124e0   0x080124e0   0x000005dc   Code   RO         6505    i.tcp_write         tcp_out.o
    0x08012abc   0x08012abc   0x000000fc   Code   RO         6506    i.tcp_write_checks  tcp_out.o
    0x08012bb8   0x08012bb8   0x000000dc   Code   RO         6507    i.tcp_zero_window_probe  tcp_out.o
    0x08012c94   0x08012c94   0x0000009c   Code   RO         4187    i.tcpip_init        tcpip.o
    0x08012d30   0x08012d30   0x00000060   Code   RO         4188    i.tcpip_inpkt       tcpip.o
    0x08012d90   0x08012d90   0x0000001c   Code   RO         4189    i.tcpip_input       tcpip.o
    0x08012dac   0x08012dac   0x00000020   Code   RO         4190    i.tcpip_send_msg_wait_sem  tcpip.o
    0x08012dcc   0x08012dcc   0x00000038   Code   RO         6653    i.tcpip_tcp_timer   timeouts.o
    0x08012e04   0x08012e04   0x00000098   Code   RO         4191    i.tcpip_thread      tcpip.o
    0x08012e9c   0x08012e9c   0x0000006c   Code   RO         4192    i.tcpip_thread_handle_msg  tcpip.o
    0x08012f08   0x08012f08   0x00000028   Code   RO         7807    i.transport_close   transport.o
    0x08012f30   0x08012f30   0x00000014   Code   RO         7808    i.transport_getdata  transport.o
    0x08012f44   0x08012f44   0x00000058   Code   RO         7809    i.transport_open    transport.o
    0x08012f9c   0x08012f9c   0x00000010   Code   RO         7810    i.transport_sendPacketBuffer  transport.o
    0x08012fac   0x08012fac   0x00000012   Code   RO         3904    i.tryget_socket     sockets.o
    0x08012fbe   0x08012fbe   0x00000004   Code   RO         3905    i.tryget_socket_unconn_locked  sockets.o
    0x08012fc2   0x08012fc2   0x00000002   PAD
    0x08012fc4   0x08012fc4   0x00000014   Code   RO         3906    i.tryget_socket_unconn_nouse  sockets.o
    0x08012fd8   0x08012fd8   0x000000d4   Code   RO         6730    i.udp_bind          udp.o
    0x080130ac   0x080130ac   0x00000098   Code   RO         6732    i.udp_connect       udp.o
    0x08013144   0x08013144   0x00000038   Code   RO         6733    i.udp_disconnect    udp.o
    0x0801317c   0x0801317c   0x00000018   Code   RO         6734    i.udp_init          udp.o
    0x08013194   0x08013194   0x0000017c   Code   RO         6735    i.udp_input         udp.o
    0x08013310   0x08013310   0x000000a8   Code   RO         6736    i.udp_input_local_match  udp.o
    0x080133b8   0x080133b8   0x00000034   Code   RO         6737    i.udp_netif_ip_addr_changed  udp.o
    0x080133ec   0x080133ec   0x0000001c   Code   RO         6738    i.udp_new           udp.o
    0x08013408   0x08013408   0x00000004   Code   RO         6739    i.udp_new_ip_type   udp.o
    0x0801340c   0x0801340c   0x00000028   Code   RO         6740    i.udp_recv          udp.o
    0x08013434   0x08013434   0x00000050   Code   RO         6741    i.udp_remove        udp.o
    0x08013484   0x08013484   0x00000054   Code   RO         6742    i.udp_send          udp.o
    0x080134d8   0x080134d8   0x000000d0   Code   RO         6743    i.udp_sendto        udp.o
    0x080135a8   0x080135a8   0x000000c8   Code   RO         6744    i.udp_sendto_if     udp.o
    0x08013670   0x08013670   0x000001f0   Code   RO         6745    i.udp_sendto_if_src  udp.o
    0x08013860   0x08013860   0x0000001c   Code   RO         8093    i.update_offset     cjson.o
    0x0801387c   0x0801387c   0x000000d2   Code   RO         8094    i.utf16_literal_to_utf8  cjson.o
    0x0801394e   0x0801394e   0x00000024   Code   RO         2311    i.uxListRemove      list.o
    0x08013972   0x08013972   0x00000002   PAD
    0x08013974   0x08013974   0x00000048   Code   RO         2364    i.uxQueueMessagesWaiting  queue.o
    0x080139bc   0x080139bc   0x00000016   Code   RO         2312    i.vListInitialise   list.o
    0x080139d2   0x080139d2   0x00000006   Code   RO         2313    i.vListInitialiseItem  list.o
    0x080139d8   0x080139d8   0x00000030   Code   RO         2314    i.vListInsert       list.o
    0x08013a08   0x08013a08   0x00000018   Code   RO         2315    i.vListInsertEnd    list.o
    0x08013a20   0x08013a20   0x00000074   Code   RO         2929    i.vPortEnterCritical  port.o
    0x08013a94   0x08013a94   0x00000060   Code   RO         2930    i.vPortExitCritical  port.o
    0x08013af4   0x08013af4   0x00000098   Code   RO         2867    i.vPortFree         heap_4.o
    0x08013b8c   0x08013b8c   0x00000020   Code   RO         2931    i.vPortSetupTimerInterrupt  port.o
    0x08013bac   0x08013bac   0x00000088   Code   RO         2932    i.vPortValidateInterruptPriority  port.o
    0x08013c34   0x08013c34   0x0000004c   Code   RO         2368    i.vQueueDelete      queue.o
    0x08013c80   0x08013c80   0x00000028   Code   RO         2369    i.vQueueUnregisterQueue  queue.o
    0x08013ca8   0x08013ca8   0x00000070   Code   RO         2545    i.vTaskDelay        tasks.o
    0x08013d18   0x08013d18   0x000000d0   Code   RO         2547    i.vTaskDelete       tasks.o
    0x08013de8   0x08013de8   0x0000000c   Code   RO         2549    i.vTaskMissedYield  tasks.o
    0x08013df4   0x08013df4   0x00000058   Code   RO         2551    i.vTaskPlaceOnEventList  tasks.o
    0x08013e4c   0x08013e4c   0x00000084   Code   RO         2553    i.vTaskPriorityInherit  tasks.o
    0x08013ed0   0x08013ed0   0x0000004c   Code   RO         2556    i.vTaskSetTimeOutState  tasks.o
    0x08013f1c   0x08013f1c   0x00000090   Code   RO         2557    i.vTaskStartScheduler  tasks.o
    0x08013fac   0x08013fac   0x00000010   Code   RO         2559    i.vTaskSuspendAll   tasks.o
    0x08013fbc   0x08013fbc   0x00000080   Code   RO         2560    i.vTaskSwitchContext  tasks.o
    0x0801403c   0x0801403c   0x00000028   Code   RO         7583    i.writeCString      mqttpacket.o
    0x08014064   0x08014064   0x0000000c   Code   RO         7584    i.writeChar         mqttpacket.o
    0x08014070   0x08014070   0x0000001e   Code   RO         7585    i.writeInt          mqttpacket.o
    0x0801408e   0x0801408e   0x00000036   Code   RO         7586    i.writeMQTTString   mqttpacket.o
    0x080140c4   0x080140c4   0x0000010c   Code   RO         2933    i.xPortStartScheduler  port.o
    0x080141d0   0x080141d0   0x0000002c   Code   RO         2934    i.xPortSysTickHandler  port.o
    0x080141fc   0x080141fc   0x00000060   Code   RO         2370    i.xQueueCreateCountingSemaphore  queue.o
    0x0801425c   0x0801425c   0x00000024   Code   RO         2371    i.xQueueCreateMutex  queue.o
    0x08014280   0x08014280   0x0000006c   Code   RO         2372    i.xQueueGenericCreate  queue.o
    0x080142ec   0x080142ec   0x00000188   Code   RO         2373    i.xQueueGenericReceive  queue.o
    0x08014474   0x08014474   0x000000ac   Code   RO         2374    i.xQueueGenericReset  queue.o
    0x08014520   0x08014520   0x00000178   Code   RO         2375    i.xQueueGenericSend  queue.o
    0x08014698   0x08014698   0x000000b8   Code   RO         2377    i.xQueueGiveFromISR  queue.o
    0x08014750   0x08014750   0x0000008c   Code   RO         2561    i.xTaskCheckForTimeOut  tasks.o
    0x080147dc   0x080147dc   0x00000056   Code   RO         2562    i.xTaskCreate       tasks.o
    0x08014832   0x08014832   0x00000002   PAD
    0x08014834   0x08014834   0x0000001c   Code   RO         2566    i.xTaskGetSchedulerState  tasks.o
    0x08014850   0x08014850   0x0000000c   Code   RO         2567    i.xTaskGetTickCount  tasks.o
    0x0801485c   0x0801485c   0x000000ec   Code   RO         2569    i.xTaskIncrementTick  tasks.o
    0x08014948   0x08014948   0x000000b8   Code   RO         2572    i.xTaskPriorityDisinherit  tasks.o
    0x08014a00   0x08014a00   0x0000009c   Code   RO         2573    i.xTaskRemoveFromEventList  tasks.o
    0x08014a9c   0x08014a9c   0x000000ec   Code   RO         2575    i.xTaskResumeAll    tasks.o
    0x08014b88   0x08014b88   0x00000010   Data   RO         2146    .constdata          system_stm32f4xx.o
    0x08014b98   0x08014b98   0x00000008   Data   RO         2147    .constdata          system_stm32f4xx.o
    0x08014ba0   0x08014ba0   0x00000003   Data   RO         3389    .constdata          api_msg.o
    0x08014ba3   0x08014ba3   0x00000001   PAD
    0x08014ba4   0x08014ba4   0x00000044   Data   RO         3597    .constdata          err.o
    0x08014be8   0x08014be8   0x00000004   Data   RO         4956    .constdata          ip4_addr.o
    0x08014bec   0x08014bec   0x00000004   Data   RO         4957    .constdata          ip4_addr.o
    0x08014bf0   0x08014bf0   0x0000000c   Data   RO         5539    .constdata          memp.o
    0x08014bfc   0x08014bfc   0x0000000c   Data   RO         5540    .constdata          memp.o
    0x08014c08   0x08014c08   0x0000000c   Data   RO         5541    .constdata          memp.o
    0x08014c14   0x08014c14   0x0000000c   Data   RO         5542    .constdata          memp.o
    0x08014c20   0x08014c20   0x0000000c   Data   RO         5543    .constdata          memp.o
    0x08014c2c   0x08014c2c   0x0000000c   Data   RO         5544    .constdata          memp.o
    0x08014c38   0x08014c38   0x0000000c   Data   RO         5545    .constdata          memp.o
    0x08014c44   0x08014c44   0x0000000c   Data   RO         5546    .constdata          memp.o
    0x08014c50   0x08014c50   0x0000000c   Data   RO         5547    .constdata          memp.o
    0x08014c5c   0x08014c5c   0x0000000c   Data   RO         5548    .constdata          memp.o
    0x08014c68   0x08014c68   0x0000000c   Data   RO         5549    .constdata          memp.o
    0x08014c74   0x08014c74   0x0000000c   Data   RO         5550    .constdata          memp.o
    0x08014c80   0x08014c80   0x0000000c   Data   RO         5551    .constdata          memp.o
    0x08014c8c   0x08014c8c   0x0000000c   Data   RO         5552    .constdata          memp.o
    0x08014c98   0x08014c98   0x0000000c   Data   RO         5553    .constdata          memp.o
    0x08014ca4   0x08014ca4   0x0000003c   Data   RO         5554    .constdata          memp.o
    0x08014ce0   0x08014ce0   0x00000054   Data   RO         6155    .constdata          tcp.o
    0x08014d34   0x08014d34   0x00000038   Data   RO         6654    .constdata          timeouts.o
    0x08014d6c   0x08014d6c   0x00000006   Data   RO         6900    .constdata          ethernet.o
    0x08014d72   0x08014d72   0x00000006   Data   RO         6901    .constdata          ethernet.o
    0x08014d78   0x08014d78   0x00000058   Data   RO         7885    .constdata          mqttclient.o
    0x08014dd0   0x08014dd0   0x00000081   Data   RO         8641    .constdata          mc_w.l(ctype_o.o)
    0x08014e51   0x08014e51   0x00000003   PAD
    0x08014e54   0x08014e54   0x00000004   Data   RO         8642    .constdata          mc_w.l(ctype_o.o)
    0x08014e58   0x08014e58   0x00000042   Data   RO         4379    .conststring        dhcp.o
    0x08014e9a   0x08014e9a   0x00000002   PAD
    0x08014e9c   0x08014e9c   0x00000041   Data   RO         4604    .conststring        etharp.o
    0x08014edd   0x08014edd   0x00000003   PAD
    0x08014ee0   0x08014ee0   0x00000041   Data   RO         4761    .conststring        igmp.o
    0x08014f21   0x08014f21   0x00000003   PAD
    0x08014f24   0x08014f24   0x00000075   Data   RO         6156    .conststring        tcp.o
    0x08014f99   0x08014f99   0x00000003   PAD
    0x08014f9c   0x08014f9c   0x00000055   Data   RO         6508    .conststring        tcp_out.o
    0x08014ff1   0x08014ff1   0x00000003   PAD
    0x08014ff4   0x08014ff4   0x0000004e   Data   RO         7162    .conststring        sys_arch.o
    0x08015042   0x08015042   0x00000002   PAD
    0x08015044   0x08015044   0x00000040   Data   RO         9072    Region$$Table       anon$$obj.o


    Execution Region RW_IRAM2 (Exec base: 0x10000000, Load base: 0x0801514c, Size: 0x000061c0, Max: 0x00010000, ABSOLUTE)

    Exec Addr    Load Addr    Size         Type   Attr      Idx    E Section Name        Object

    0x10000000   0x0801514c   0x0000003c   Data   RW         2578    .data               tasks.o
    0x1000003c   0x08015188   0x00000018   Data   RW         2872    .data               heap_4.o
    0x10000054   0x080151a0   0x0000000c   Data   RW         2935    .data               port.o
    0x10000060   0x080151ac   0x00000004   Data   RW         3908    .data               sockets.o
    0x10000064   0x080151b0   0x00000010   Data   RW         4380    .data               dhcp.o
    0x10000074   0x080151c0   0x00000001   Data   RW         4605    .data               etharp.o
    0x10000075   0x080151c1   0x00000003   PAD
    0x10000078   0x080151c4   0x00000008   Data   RW         4868    .data               ip4.o
    0x10000080   0x080151cc   0x00000010   Data   RW         5458    .data               mem.o
    0x10000090   0x080151dc   0x00000004   Data   RW         5556    .data               memp.o
    0x10000094   0x080151e0   0x00000004   Data   RW         5558    .data               memp.o
    0x10000098   0x080151e4   0x00000004   Data   RW         5560    .data               memp.o
    0x1000009c   0x080151e8   0x00000004   Data   RW         5562    .data               memp.o
    0x100000a0   0x080151ec   0x00000004   Data   RW         5564    .data               memp.o
    0x100000a4   0x080151f0   0x00000004   Data   RW         5566    .data               memp.o
    0x100000a8   0x080151f4   0x00000004   Data   RW         5568    .data               memp.o
    0x100000ac   0x080151f8   0x0000000c   Data   RW         5686    .data               netif.o
    0x100000b8   0x08015204   0x00000008   Data   RW         6746    .data               udp.o
    0x100000c0   0x0801520c   0x00000010   Data   RW         7033    .data               ethernetif.o
    0x100000d0   0x0801521c   0x00000014   Data   RW         7163    .data               sys_arch.o
    0x100000e4   0x08015230   0x00000004   Data   RW         7164    .data               sys_arch.o
    0x100000e8   0x08015234   0x00000004   Data   RW         7811    .data               transport.o
    0x100000ec   0x08015238   0x0000000c   Data   RW         7886    .data               mqttclient.o
    0x100000f8   0x08015244   0x00000014   Data   RW         8096    .data               cjson.o
    0x1000010c   0x08015258   0x00000004   Data   RW         8671    .data               mc_w.l(rand.o)
    0x10000110        -       0x00000050   Zero   RW         2384    .bss                queue.o
    0x10000160        -       0x000002e4   Zero   RW         2577    .bss                tasks.o
    0x10000444        -       0x000000f0   Zero   RW         4603    .bss                etharp.o
    0x10000534        -       0x00000480   Zero   RW         5211    .bss                dns.o
    0x100009b4        -       0x00003c13   Zero   RW         5457    .bss                mem.o
    0x100045c7        -       0x000000a3   Zero   RW         5524    .bss                memp.o
    0x1000466a        -       0x00000393   Zero   RW         5525    .bss                memp.o
    0x100049fd        -       0x000000ab   Zero   RW         5526    .bss                memp.o
    0x10004aa8        -       0x00000963   Zero   RW         5527    .bss                memp.o
    0x1000540b        -       0x000000a3   Zero   RW         5528    .bss                memp.o
    0x100054ae        -       0x0000016b   Zero   RW         5529    .bss                memp.o
    0x10005619        -       0x00000023   Zero   RW         5530    .bss                memp.o
    0x1000563c        -       0x000000b3   Zero   RW         5531    .bss                memp.o
    0x100056ef        -       0x00000083   Zero   RW         5534    .bss                memp.o
    0x10005772        -       0x000000f3   Zero   RW         5535    .bss                memp.o
    0x10005865        -       0x00000137   Zero   RW         5536    .bss                memp.o
    0x1000599c        -       0x00000193   Zero   RW         5537    .bss                memp.o
    0x10005b2f   0x0801525c   0x00000001   PAD
    0x10005b30        -       0x0000005c   Zero   RW         7161    .bss                sys_arch.o
    0x10005b8c        -       0x00000234   Zero   RW         7884    .bss                mqttclient.o
    0x10005dc0        -       0x00000400   Zero   RW            1    STACK               startup_stm32f429xx.o


    Execution Region RW_IRAM1 (Exec base: 0x20000000, Load base: 0x08015084, Size: 0x000261c4, Max: 0x00030000, ABSOLUTE)

    Exec Addr    Load Addr    Size         Type   Attr      Idx    E Section Name        Object

    0x20000000   0x08015084   0x00000010   Data   RW           19    .data               main.o
    0x20000010   0x08015094   0x0000000c   Data   RW         1750    .data               stm32f4xx_hal.o
    0x2000001c   0x080150a0   0x00000004   Data   RW         2148    .data               system_stm32f4xx.o
    0x20000020   0x080150a4   0x00000010   Data   RW         4194    .data               tcpip.o
    0x20000030   0x080150b4   0x00000008   Data   RW         4762    .data               igmp.o
    0x20000038   0x080150bc   0x00000008   Data   RW         5027    .data               ip4_frag.o
    0x20000040   0x080150c4   0x0000000c   Data   RW         5213    .data               dns.o
    0x2000004c   0x080150d0   0x00000004   Data   RW         5555    .data               memp.o
    0x20000050   0x080150d4   0x00000004   Data   RW         5557    .data               memp.o
    0x20000054   0x080150d8   0x00000004   Data   RW         5559    .data               memp.o
    0x20000058   0x080150dc   0x00000004   Data   RW         5561    .data               memp.o
    0x2000005c   0x080150e0   0x00000004   Data   RW         5563    .data               memp.o
    0x20000060   0x080150e4   0x00000004   Data   RW         5565    .data               memp.o
    0x20000064   0x080150e8   0x00000004   Data   RW         5567    .data               memp.o
    0x20000068   0x080150ec   0x00000004   Data   RW         5569    .data               memp.o
    0x2000006c   0x080150f0   0x00000020   Data   RW         6157    .data               tcp.o
    0x2000008c   0x08015110   0x00000024   Data   RW         6414    .data               tcp_in.o
    0x200000b0   0x08015134   0x0000000c   Data   RW         6656    .data               timeouts.o
    0x200000bc   0x08015140   0x00000004   Data   RW         7587    .data               mqttpacket.o
    0x200000c0   0x08015144   0x00000004   Data   RW         8595    .data               cjson_process.o
    0x200000c4   0x08015148   0x00000004   Data   RW         9016    .data               mc_w.l(stdout.o)
    0x200000c8        -       0x00000040   Zero   RW          268    .bss                usart.o
    0x20000108        -       0x0000f000   Zero   RW         2871    .bss                heap_4.o
    0x2000f108        -       0x00000070   Zero   RW         3907    .bss                sockets.o
    0x2000f178        -       0x00000032   Zero   RW         4378    .bss                dhcp.o
    0x2000f1aa        -       0x00000010   Zero   RW         4955    .bss                ip4_addr.o
    0x2000f1ba   0x0801514c   0x00000002   PAD
    0x2000f1bc        -       0x00000018   Zero   RW         5425    .bss                ip.o
    0x2000f1d4        -       0x00000083   Zero   RW         5532    .bss                memp.o
    0x2000f257        -       0x00000083   Zero   RW         5533    .bss                memp.o
    0x2000f2da        -       0x00010d4f   Zero   RW         5538    .bss                memp.o
    0x20020029   0x0801514c   0x00000003   PAD
    0x2002002c        -       0x00000010   Zero   RW         6413    .bss                tcp_in.o
    0x2002003c        -       0x00006188   Zero   RW         7343    .bss                bsp_eth.o


==============================================================================

Image component sizes


      Code (inc. data)   RO Data    RW Data    ZI Data      Debug   Object Name

      2156        852          0          0          0      60333   api_lib.o
      5030       1512          3          0          0      43638   api_msg.o
       774        196          0          0      24968       5352   bsp_eth.o
      3962        180          0         20          0      31265   cjson.o
       512        198          0          4          0       2428   cjson_process.o
        60          0          0          0          0       1842   def.o
      4752        868         66         16         50      34823   dhcp.o
      2162        184          0         12       1152      15187   dns.o
        28          4         68          0          0       4223   err.o
      2140        514         65          1        240      12047   etharp.o
       308         58         12          0          0       2506   ethernet.o
      1004        204          0         16          0      17351   ethernetif.o
         0          0          0          0          0       9344   event_groups.o
       156         16          0          0          0        923   gpio.o
       576        130          0         24      61440       3947   heap_4.o
       568        158          0          0          0       4086   icmp.o
         0          0          0          0          0       6393   if_api.o
      1902        770         65          8          0      12881   igmp.o
       174          0          0          0          0       3125   inet_chksum.o
        42          0          0          0          0        528   init.o
         0          0          0          0         24       3106   ip.o
      1060         94          0          8          0       7244   ip4.o
       494         24          8          0         16      13815   ip4_addr.o
      2052        458          0          8          0      11102   ip4_frag.o
       136          0          0          0          0       3182   list.o
       988        576          0         16          0     773468   main.o
      1588        602          0         16      15379       7237   mem.o
       362        150        240         60      74685      10822   memp.o
      3400       1302         88         12        564      22416   mqttclient.o
       546         18          0          0          0       6961   mqttconnectclient.o
       212          0          0          0          0       2336   mqttdeserializepublish.o
       502         22          0          4          0       9710   mqttpacket.o
       278          0          0          0          0       5252   mqttserializepublish.o
       310          0          0          0          0       3359   mqttsubscribeclient.o
       190         54          0          0          0      11015   netbuf.o
       906        280          0         12          0      13716   netif.o
         0          0          0          0          0       2044   netifapi.o
      2640        978          0          0          0      19812   pbuf.o
      1014        364          0         12          0      10601   port.o
      1832        342          0          0         80      13775   queue.o
      3874        552          0          4        112      46370   sockets.o
        36          8        428          0       1024        836   startup_stm32f429xx.o
       180         28          0         12          0       9541   stm32f4xx_hal.o
       222         14          0          0          0      34573   stm32f4xx_hal_cortex.o
        36          0          0          0          0       1211   stm32f4xx_hal_dma.o
      2012         70          0          0          0      12541   stm32f4xx_hal_eth.o
       874        102          0          0          0       3374   stm32f4xx_hal_gpio.o
        48          6          0          0          0        826   stm32f4xx_hal_msp.o
       112         14          0          0          0       1284   stm32f4xx_hal_pwr_ex.o
      1344         82          0          0          0       5700   stm32f4xx_hal_rcc.o
      1254         16          0          0          0       9515   stm32f4xx_hal_uart.o
        68          4          0          0          0       4067   stm32f4xx_it.o
       922        254         78         24         92      14349   sys_arch.o
        28          6         24          4          0       1127   system_stm32f4xx.o
      2694        682          0         60        740      28637   tasks.o
      5016       1648        201         32          0      37055   tcp.o
      4750       1052          0         36         16      20135   tcp_in.o
      5940       1940         85          0          0      33302   tcp_out.o
       572        192          0         16          0       9869   tcpip.o
       564        192         56         12          0       6923   timeouts.o
       164         22          0          4          0      10540   transport.o
      2184        832          0          8          0      14104   udp.o
       220         30          0          0         64       2296   usart.o

    ----------------------------------------------------------------------
     78036      18854       1568        464     180652    1531370   Object Totals
         0          0         64          0          0          0   (incl. Generated)
       106          0         17          3          6          0   (incl. Padding)

    ----------------------------------------------------------------------

      Code (inc. data)   RO Data    RW Data    ZI Data      Debug   Library Member Name

        40         10          0          0          0        128   strtod.o
        56          8          0          0          0         84   __0sscanf.o
        58          0          0          0          0          0   __dczerorl.o
       812          4          0          0          0        112   _scanf.o
        64          0          0          0          0         84   _sgetc.o
         8          4        133          0          0         68   ctype_o.o
         0          0          0          0          0          0   entry.o
         0          0          0          0          0          0   entry10a.o
         0          0          0          0          0          0   entry11a.o
         8          4          0          0          0          0   entry2.o
         4          0          0          0          0          0   entry5.o
         0          0          0          0          0          0   entry7b.o
         0          0          0          0          0          0   entry8b.o
         8          4          0          0          0          0   entry9a.o
        30          0          0          0          0          0   handlers.o
        36          8          0          0          0         68   init.o
        18          0          0          0          0         76   isspace_o.o
         0          0          0          0          0          0   iusefp.o
        30          0          0          0          0         68   llshl.o
        36          0          0          0          0         68   llsshr.o
        32          0          0          0          0         68   llushr.o
        26          0          0          0          0         80   memcmp.o
        64          0          0          0          0         76   memmovea.o
        36          0          0          0          0        108   memseta.o
      2308         96          0          0          0        604   printfa.o
        36         10          0          4          0        136   rand.o
        40          8          0          0          0         84   scanf_char.o
       878         12          0          0          0        216   scanf_fp.o
         0          0          0          4          0          0   stdout.o
        28          0          0          0          0         76   strcmp.o
        18          0          0          0          0         68   strcpy.o
        14          0          0          0          0         68   strlen.o
        30          0          0          0          0         80   strncmp.o
       156         12          0          0          0        120   strtod.o
        12          0          0          0          0         68   tolower.o
        44          0          0          0          0         80   uidiv.o
        98          0          0          0          0         92   uldiv.o
        48          0          0          0          0         68   cdcmple.o
        48          0          0          0          0         68   cdrcmple.o
        56          0          0          0          0         88   d2f.o
       334          0          0          0          0        148   dadd.o
       222          0          0          0          0        100   ddiv.o
       186          0          0          0          0        176   depilogue.o
        62          0          0          0          0         80   dfixi.o
        48          0          0          0          0         68   dfixul.o
        24          0          0          0          0         76   dfltul.o
       228          0          0          0          0         96   dmul.o
       110          0          0          0          0        168   fepilogue.o

    ----------------------------------------------------------------------
      6408        180        136          8          0       3916   Library Totals
        14          0          3          0          0          0   (incl. Padding)

    ----------------------------------------------------------------------

      Code (inc. data)   RO Data    RW Data    ZI Data      Debug   Library Name

        40         10          0          0          0        128   m_wm.l
      4988        170        133          8          0       2652   mc_w.l
      1366          0          0          0          0       1136   mf_w.l

    ----------------------------------------------------------------------
      6408        180        136          8          0       3916   Library Totals

    ----------------------------------------------------------------------

==============================================================================


      Code (inc. data)   RO Data    RW Data    ZI Data      Debug   

     84444      19034       1704        472     180652    1477742   Grand Totals
     84444      19034       1704        472     180652    1477742   ELF Image Totals
     84444      19034       1704        472          0          0   ROM Totals

==============================================================================

    Total RO  Size (Code + RO Data)                86148 (  84.13kB)
    Total RW  Size (RW Data + ZI Data)            181124 ( 176.88kB)
    Total ROM Size (Code + RO Data + RW Data)      86620 (  84.59kB)

==============================================================================

