<html>
<body>
<pre>
<h1>µVision Build Log</h1>
<h2>Tool Versions:</h2>
IDE-Version: ¦ÌVision V5.31.0.0
Copyright (C) 2020 ARM Ltd and ARM Germany GmbH. All rights reserved.
License Information: Z H, Z, LIC=ZB4EI-T8Y2H-BS6YX-HA89E-6RJ7A-CFXD9
 
Tool Versions:
Toolchain:       MDK-ARM Plus  Version: 5.31.0.0
Toolchain Path:  D:\zeehol\Keil_MDK\ARM\ARMCC\Bin
C Compiler:      Armcc.exe V5.06 update 6 (build 750)
Assembler:       Armasm.exe V5.06 update 6 (build 750)
Linker/Locator:  ArmLink.exe V5.06 update 6 (build 750)
Library Manager: ArmAr.exe V5.06 update 6 (build 750)
Hex Converter:   FromElf.exe V5.06 update 6 (build 750)
CPU DLL:         SARMCM3.DLL V5.31.0.0
Dialog DLL:      DCM.DLL V1.17.3.0
Target DLL:      CMSIS_AGDI.dll V1.32.6.0
Dialog DLL:      TCM.DLL V1.46.0.0
 
<h2>Project:</h2>
E:\zeehol\Git\F429_FreeRTOS_LwIP\MDK-ARM\F429_FreeRTOS_LwIP.uvprojx
Project File Date:  12/28/2020

<h2>Output:</h2>
*** Using Compiler 'V5.06 update 6 (build 750)', folder: 'D:\zeehol\Keil_MDK\ARM\ARMCC\Bin'
Build target 'F429_FreeRTOS_LwIP'
compiling usart.c...
compiling stm32f4xx_hal_tim.c...
compiling stm32f4xx_hal_tim_ex.c...
compiling stm32f4xx_hal_uart.c...
compiling stm32f4xx_hal_msp.c...
compiling stm32f4xx_it.c...
compiling gpio.c...
compiling main.c...
compiling stm32f4xx_hal_flash_ramfunc.c...
compiling stm32f4xx_hal_flash.c...
compiling stm32f4xx_hal_gpio.c...
compiling stm32f4xx_hal_rcc.c...
compiling stm32f4xx_hal_flash_ex.c...
compiling stm32f4xx_hal_dma.c...
compiling stm32f4xx_hal_rcc_ex.c...
compiling stm32f4xx_hal_dma_ex.c...
compiling stm32f4xx_hal_pwr.c...
compiling stm32f4xx_hal_cortex.c...
compiling stm32f4xx_hal_pwr_ex.c...
compiling stm32f4xx_hal_exti.c...
compiling stm32f4xx_hal_eth.c...
compiling stm32f4xx_hal.c...
compiling system_stm32f4xx.c...
compiling croutine.c...
compiling list.c...
compiling timers.c...
compiling tasks.c...
compiling event_groups.c...
compiling port.c...
compiling queue.c...
compiling heap_4.c...
compiling api_lib.c...
compiling netbuf.c...
compiling err.c...
compiling netdb.c...
compiling api_msg.c...
compiling if_api.c...
compiling netifapi.c...
compiling sockets.c...
compiling tcpip.c...
compiling autoip.c...
compiling igmp.c...
compiling dhcp.c...
compiling icmp.c...
compiling etharp.c...
compiling ip4.c...
compiling ip4_frag.c...
compiling ip4_addr.c...
compiling altcp.c...
compiling def.c...
compiling altcp_tcp.c...
compiling altcp_alloc.c...
compiling inet_chksum.c...
compiling dns.c...
compiling ip.c...
compiling init.c...
compiling mem.c...
compiling raw.c...
compiling netif.c...
compiling pbuf.c...
compiling memp.c...
compiling stats.c...
compiling sys.c...
compiling tcp.c...
compiling tcp_in.c...
compiling timeouts.c...
compiling ethernet.c...
compiling tcp_out.c...
compiling udp.c...
compiling bridgeif.c...
compiling MQTTConnectClient.c...
compiling MQTTConnectServer.c...
compiling MQTTDeserializePublish.c...
compiling lowpan6.c...
compiling MQTTFormat.c...
compiling MQTTPacket.c...
compiling MQTTSerializePublish.c...
compiling MQTTSubscribeClient.c...
compiling MQTTSubscribeServer.c...
compiling MQTTUnsubscribeClient.c...
compiling MQTTUnsubscribeServer.c...
compiling lowpan6_ble.c...
compiling lowpan6_common.c...
compiling bsp_eth.c...
compiling zepif.c...
compiling sys_arch.c...
compiling ethernetif.c...
compiling cJSON.c...
compiling transport.c...
compiling MQTTClient.c...
compiling cJSON_Process.c...
linking...
Program Size: Code=84444 RO-data=1704 RW-data=472 ZI-data=180652  
FromELF: creating hex file...
"F429_FreeRTOS_LwIP\F429_FreeRTOS_LwIP.axf" - 0 Error(s), 0 Warning(s).

<h2>Software Packages used:</h2>

Package Vendor: Keil
                http://www.keil.com/pack/Keil.STM32F4xx_DFP.2.13.0.pack
                Keil.STM32F4xx_DFP.2.13.0
                STMicroelectronics STM32F4 Series Device Support, Drivers and Examples

<h2>Collection of Component include folders:</h2>
  D:\zeehol\Keil_MDK\ARM\PACK\Keil\STM32F4xx_DFP\2.13.0\Drivers\CMSIS\Device\ST\STM32F4xx\Include

<h2>Collection of Component Files used:</h2>
Build Time Elapsed:  00:03:51
</pre>
</body>
</html>
